# serializer version: 1
# name: test_gfx942_gg_golden
  list([
    dict({
      'basename': 'Cijk_Ailk_Bljk_HHS_BH_Bias_GG_HA_S_UserArgs_MT123R1XYChHnB2tdry5fhpnzY9YUYJ8qLwHLSyB9wOAbiE=',
      'err': 0,
    }),
    dict({
      'basename': 'Cijk_Ailk_Bljk_HHS_BH_Bias_GG_HA_S_UserArgs_MT124wqEdGgGnaGaYx-Yr5dV9M9aGRDUlLJvCGKP0uoN1ag=',
      'err': 0,
    }),
    dict({
      'basename': 'Cijk_Ailk_Bljk_HHS_BH_Bias_GG_HA_S_UserArgs_MT12blg6JeJ6bZJlx_hdr7n_g0mpwRikq2t_viPYtROzd64=',
      'err': 0,
    }),
    dict({
      'basename': 'Cijk_Ailk_Bljk_HHS_BH_Bias_GG_HA_S_UserArgs_MT12xo5iJOCBpWdhyQZTB5bXHtuj5s7qAZE5yxY8fZ9bO7c=',
      'err': 0,
    }),
  ])
# ---
