# serializer version: 1
# name: test_r2_wgm_gfx942_golden
  list([
    dict({
      'basename': 'Cijk_Alik_Bljk_BBS_BH_Bias_A_S_UserArgs_MT64x16xQI6epC2MktORyMj_pt47bd-iBUR1216H_B32vBGHUe0=',
      'err': 0,
    }),
    dict({
      'basename': 'Cijk_Alik_Bljk_BBS_BH_Bias_A_S_UserArgs_MT64x16xThhrKapRP0jvFU93j8sicAm_jIm_nEFJOHwApTg-X5E=',
      'err': 0,
    }),
    dict({
      'basename': 'Cijk_Alik_Bljk_BBS_BH_Bias_A_S_UserArgs_MT64x16xXy1MyDl6dyKRag6aZh2ONommxZpDPT_XbwuPmh-4F_0=',
      'err': 0,
    }),
    dict({
      'basename': 'Cijk_Alik_Bljk_BBS_BH_Bias_A_S_UserArgs_MT64x16xszK6ZnPdT8tEvOIouTio89b2AAp1768P8OzvwaHq5BA=',
      'err': 0,
    }),
    dict({
      'basename': 'Cijk_Alik_Bljk_BBS_BH_Bias_A_S_UserArgs_MT64x16xuoZGGxFsWF86ssjlqkmZNg5X9xlauGY97FzdiUnlTRg=',
      'err': 0,
    }),
  ])
# ---
