# serializer version: 1
# name: test_gfx90a_dominant_golden
  list([
    dict({
      'basename': 'Cijk_Alik_Bljk_BBS_BH_Bias_HA_S_UserArgs_MT128x39VIJHek5rsIToPqDi5ysZ6hoy2Ef5wtsofHelLJe2Bk=',
      'err': 0,
    }),
    dict({
      'basename': 'Cijk_Alik_Bljk_BBS_BH_Bias_HA_S_UserArgs_MT64x168-_XNSHAHUauqncwnO2xPlqVLvgU5cv63-LLJsed3kI=',
      'err': 0,
    }),
  ])
# ---
