# serializer version: 1
# name: test_r2_lra_gfx942_golden
  list([
    dict({
      'basename': 'Cijk_Alik_Bjlk_HHS_BH_UserArgs_MT16x8x64_SN_LDSBepdc3TdCbE8WbWC6XOzbYG2R9NGJo7DS8D2XGK8AZ5I=',
      'err': 0,
    }),
    dict({
      'basename': 'Cijk_Alik_Bjlk_HHS_BH_UserArgs_MT64x4x64_SN_LDSB0xA4hibKwRe0rE-2hVtHHEqa6ttpLyldpHoI7mUMKyU=',
      'err': 0,
    }),
  ])
# ---
