# serializer version: 1
# name: test_r2_streamk_gfx942_golden
  list([
    dict({
      'basename': 'Cijk_Ailk_Bjlk_S_B_UserArgs_MT128x128x16_MI16x16GlAxuGzp6ystp0FN-IL0Pj8WcB4H447o0aWXG4v-zmc=',
      'err': 0,
    }),
    dict({
      'basename': 'Cijk_Ailk_Bjlk_S_B_UserArgs_MT128x128x16_MI16x16GlAxuGzp6ystp0FN-IL0Pj8WcB4H447o0aWXG4v-zmc=',
      'err': 0,
    }),
    dict({
      'basename': 'Cijk_Ailk_Bjlk_S_B_UserArgs_MT128x128x16_MI16x16ObA-zn-S3VNORcVMtNMNwezdj8xdSTuUgxsRdpsnclo=',
      'err': 0,
    }),
    dict({
      'basename': 'Cijk_Ailk_Bjlk_S_B_UserArgs_MT128x128x16_MI16x16zNarR6_pwbiYP1vXzGSIhzRFUXM2VnyzqFKnBtLfrLc=',
      'err': 0,
    }),
  ])
# ---
