# serializer version: 1
# name: test_r3_subtile_lr_fp8_gfx950_golden
  list([
    dict({
      'basename': 'Cijk_Alik_Bljk_F8SS_BH_UserArgs_MT128x128x256_MItW_HhX6Fx1wha1TnWF7hD4cTWibv_Kcq9CO30DGwusg=',
      'err': 0,
    }),
    dict({
      'basename': 'Cijk_Alik_Bljk_F8SS_BH_UserArgs_MT64x64x256_MI1679ZBtCE3zf0mG_C1y5nHFhrT2J2c6K_l8G6wvwMiYCM=',
      'err': 0,
    }),
  ])
# ---
