# serializer version: 1
# name: test_r2_mac_hhs_dot2_golden
  list([
    dict({
      'basename': 'Cijk_Alik_Bljk_HHS_BH_UserArgs_MT16x32x16_SN_LDSSgWRnIhA2Eaz5ugt72ckhiN91zYrc6dupvJaNktvQGw=',
      'err': 0,
    }),
    dict({
      'basename': 'Cijk_Alik_Bljk_HHS_BH_UserArgs_MT16x64x16_SN_LDSs0mwhaB31CNnzFq6R4rY6VYCRgsoZNOtqmU3S7EtsP4=',
      'err': 0,
    }),
    dict({
      'basename': 'Cijk_Alik_Bljk_HHS_BH_UserArgs_MT32x32x16_SN_LDSnY4DmOG07DNyNvBjfqf-g_KUs6DAbh8EunTbFWWqJuw=',
      'err': 0,
    }),
    dict({
      'basename': 'Cijk_Alik_Bljk_HHS_BH_UserArgs_MT32x64x16_SN_LDSpDdNCp9F_A8fuDH1SHzyTWbnCPThSuuUZElDC62b8K8=',
      'err': 0,
    }),
    dict({
      'basename': 'Cijk_Alik_Bljk_HHS_BH_UserArgs_MT64x32x16_SN_LDSpgo-NLANnjGwR78Yq-b7cScaUMFOXq6V65zuxBy1sog=',
      'err': 0,
    }),
    dict({
      'basename': 'Cijk_Alik_Bljk_HHS_BH_UserArgs_MT8x64x16_SN_LDSBXW6Yp6Q_mqJxDO7o4fLDbZCfKozlMEHM55G8Z1xBQbM=',
      'err': 0,
    }),
  ])
# ---
