# serializer version: 1
# name: test_s10_convertafterds_fp8_f16_wide_tile_golden
  list([
    dict({
      'basename': 'Cijk_Ailk_Bjlk_F8H_HHS_BH_UserArgs_MT128x64x64_Ms3J7hTTo-CxsuHQP7nX-KrHh6iBr-64aIeyepLErNJQ=',
      'err': 0,
    }),
    dict({
      'basename': 'Cijk_Ailk_Bjlk_F8H_HHS_BH_UserArgs_MT256x64x64_MRAq4v_R3tCdAg6gZHD1zCng-aqgkKAvz6arnKLzdSIk=',
      'err': 0,
    }),
    dict({
      'basename': 'Cijk_Ailk_Bjlk_F8H_HHS_BH_UserArgs_MT256x64x64_Mgsdau6qwXn1avOupfQ-h3n51R4Ib889wAiIMK__2nS0=',
      'err': 0,
    }),
  ])
# ---
