# serializer version: 1
# name: test_fused_a2a_gfx950_golden
  list([
    dict({
      'basename': 'Cijk_Alik_Bljk_BBS_BH_FusedA2A_UserArgs_MT256x25jMmto9_aAkNbx4HkpktEmouqvBM_lk-cuXexgQLH8Ns=',
      'err': 0,
    }),
    dict({
      'basename': 'Cijk_Alik_Bljk_BBS_BH_FusedA2A_UserArgs_MT256x25mGU6d5YkiOMKjql20Ii6rEadLfMLmgA1nI8ddGYx2P0=',
      'err': 0,
    }),
  ])
# ---
