# serializer version: 1
# name: test_r2_shiftvector_golden
  list([
    dict({
      'basename': 'Cijk_Ailk_Bjlk_S_B_UserArgs_MT128x64x16_SN_LDSB0YlUa9Wlwkan5TLp3UH7_T0tTY0tVVGDQOYr7LogYA7c=',
      'err': 0,
    }),
    dict({
      'basename': 'Cijk_Ailk_Bjlk_S_B_UserArgs_MT64x128x16_SN_LDSB0YqZrHeEO0DJozENykZykproOV1T5-1KKsG9y57SL2KA=',
      'err': 0,
    }),
    dict({
      'basename': 'Cijk_Ailk_Bjlk_S_B_UserArgs_MT64x64x16_SN_LDSB0_ol4cZl1fI1QXFkp8I7VUf8PEPsCn1olpL_5iluJMkYg=',
      'err': 0,
    }),
  ])
# ---
