# serializer version: 1
# name: test_r3_lra_tr_gfx950_golden
  list([
    dict({
      'basename': 'Cijk_Ailk_Bljk_BBS_BH_UserArgs_MT128x128x32_MI16MmAzs7geKT1gRbvIIAWNkYea85XXaexzEo0NUEzKaac=',
      'err': 0,
    }),
    dict({
      'basename': 'Cijk_Ailk_Bljk_BBS_BH_UserArgs_MT128x128x32_MI16vlXvE1Oc2R0iM2Rq-ZKTwHkCd4JvULpJJkA9J3EEZ4g=',
      'err': 0,
    }),
  ])
# ---
