# serializer version: 1
# name: test_gfx950_hhs_golden
  list([
    dict({
      'basename': 'Cijk_Alik_Bljk_HHS_BH_Bias_A_S_UserArgs_MT64x16x8nXYBdBtLt8xsitkxbrCQ2IRUPFiwgxYVOVX3wpwW_U=',
      'err': 0,
    }),
    dict({
      'basename': 'Cijk_Alik_Bljk_HHS_BH_Bias_A_S_UserArgs_MT64x16xSTkrK1JaoeUq1Q4Y217F3WZwgEbArlhQL88mCbqVL4g=',
      'err': 0,
    }),
  ])
# ---
