# serializer version: 1
# name: test_r3_kwafeat_gfx942_golden
  list([
    dict({
      'basename': 'Cijk_Ailk_Bjlk_S_B_UserArgs_MT128x128x16_MI16x163hqoFtPmmdcRkpnBgS15kL9qQe0tSrtLyi6DgkGB-Bk=',
      'err': 0,
    }),
    dict({
      'basename': 'Cijk_Ailk_Bjlk_S_B_UserArgs_MT128x128x16_MI16x16A0vukgTsS5OII-OGQqH6OJ2BY81DV0M4hmW8v0Hhbbk=',
      'err': 0,
    }),
  ])
# ---
