# serializer version: 1
# name: test_gfx1201_emit_digests
  list([
    dict({
      'file': 'B8B8S.yaml',
      'kernels': list([
        dict({
          'basename': 'Cijk_Alik_Bljk_B8B8S_BH_Bias_HA_S_SAV_UserArgs_MW5mkq5rfG4NXkXHftThG2apwCTG84JXdeQLXTIDxIQg=',
          'err': 0,
        }),
      ]),
    }),
    dict({
      'file': 'BBS.yaml',
      'kernels': list([
        dict({
          'basename': 'Cijk_Alik_Bljk_BBS_BH_Bias_SH_HA_S_SAV_UserArgs_ESIa6WbmIOn6R1PJ6V8STsadR5-DtWwPNgcIattP9u4=',
          'err': 0,
        }),
      ]),
    }),
    dict({
      'file': 'HHS.yaml',
      'kernels': list([
        dict({
          'basename': 'Cijk_Alik_Bljk_HHS_BH_Bias_HA_S_SAV_UserArgs_MT1IY2BE5v1MIIgoEgKXHdZ0m3AYds5BRy3dFt7q1LcU14=',
          'err': 0,
        }),
      ]),
    }),
    dict({
      'file': 'HSS.yaml',
      'kernels': list([
        dict({
          'basename': 'Cijk_Alik_Bljk_HSS_BH_Bias_HA_S_SAV_UserArgs_MT1IY2BE5v1MIIgoEgKXHdZ0m3AYds5BRy3dFt7q1LcU14=',
          'err': 0,
        }),
      ]),
    }),
  ])
# ---
