# serializer version: 1
# name: test_gfx942_dominant_golden
  list([
    dict({
      'basename': 'Cijk_Alik_Bljk_BBS_BH_Bias_A_S_UserArgs_MT128x32KjCHPUBVicltBuC4CZCFZ9MXYIQ8CWfAxF62deTPj0M=',
      'err': 0,
    }),
    dict({
      'basename': 'Cijk_Alik_Bljk_BBS_BH_Bias_A_S_UserArgs_MT128x32des8kt7FFtM0U7jFNLPdHivrdjINmu5m6lSQwjLteZ0=',
      'err': 0,
    }),
    dict({
      'basename': 'Cijk_Alik_Bljk_BBS_BH_Bias_A_S_UserArgs_MT64x16xDky7L367Vh-2twR5f0g9MxrGIkLwUSOQl7L6EpJrxN8=',
      'err': 0,
    }),
    dict({
      'basename': 'Cijk_Alik_Bljk_BBS_BH_Bias_A_S_UserArgs_MT64x16xH-lygLdU5QVKEd1fULwBaWRWdzaqVSOIQsXz82VC_3k=',
      'err': 0,
    }),
  ])
# ---
