# serializer version: 1
# name: test_r2_gsu_golden
  list([
    dict({
      'basename': 'Cijk_Alik_Bljk_BBS_BH_Bias_A_S_UserArgs_MT64x16xH-lygLdU5QVKEd1fULwBaWRWdzaqVSOIQsXz82VC_3k=',
      'err': 0,
    }),
    dict({
      'basename': 'Cijk_Alik_Bljk_BBS_BH_Bias_A_S_UserArgs_MT64x16xV3ARlQUAW71RCt_A7OexIHOHdCiUDbqua2Ceawjd0Ds=',
      'err': 0,
    }),
  ])
# ---
