# serializer version: 1
# name: test_r2_solution_gfx942_golden
  list([
    dict({
      'basename': 'Cijk_Alik_Bljk_BBS_BH_Bias_A_S_UserArgs_MT64x16x4VY1x-g540iybdHeLfI58c2tXUOGZj_Mffl4T9OWElM=',
      'err': 0,
    }),
    dict({
      'basename': 'Cijk_Alik_Bljk_BBS_BH_Bias_A_S_UserArgs_MT64x16xH-lygLdU5QVKEd1fULwBaWRWdzaqVSOIQsXz82VC_3k=',
      'err': 0,
    }),
    dict({
      'basename': 'Cijk_Alik_Bljk_BBS_BH_Bias_A_S_UserArgs_MT64x16xMhod6LkOgSTUHoyKbsGgogOD329k-9MmSaFScwQp7qU=',
      'err': 0,
    }),
    dict({
      'basename': 'Cijk_Alik_Bljk_BBS_BH_Bias_A_S_UserArgs_MT64x16xORm9u4Xd7M9faryyEOs8b8qDjtKsvrXXPvR0MXQ1DKA=',
      'err': 0,
    }),
  ])
# ---
