# serializer version: 1
# name: test_r3_addrstore_gfx942_golden
  list([
    dict({
      'basename': 'Cijk_Alik_Bljk_F8NSS_BH_SABV_SAV_UserArgs_MT128xarvyl_T2jERHmv9JRT4Jb821odn7ivlaZlLNMPvOPN0=',
      'err': 0,
    }),
    dict({
      'basename': 'Cijk_Alik_Bljk_F8NSS_BH_SABV_SAV_UserArgs_MT256x9cJ18Z0MFr6hlK-P-NoZGxRyipur4W41IebcMIHwkFY=',
      'err': 0,
    }),
  ])
# ---
