# serializer version: 1
# name: test_gfx1100_emit_digests
  list([
    dict({
      'file': 'DB.yaml',
      'kernels': list([
        dict({
          'basename': 'Cijk_Ailk_Bjlk_D_B_UserArgs_MT16x16x16_SN_LDSB0_ER0K4o_B5QVS4CtfyWVfF0f1DdyUI3VYIfGEX2uJFGo=',
          'err': 0,
        }),
        dict({
          'basename': 'Cijk_Ailk_Bjlk_D_B_UserArgs_MT16x16x8_SN_LDSB0_Ai9S8IVmgq5M612Fo8srw_Ws_K-lg1VDxK8OlREJoYKc=',
          'err': 0,
        }),
        dict({
          'basename': 'Cijk_Ailk_Bjlk_D_B_UserArgs_MT8x8x16_SN_LDSB0_AFcrhx78jBCY8XjCHI8kzzQcNKHfpCg-qhB0Q0x8zinTc=',
          'err': 0,
        }),
        dict({
          'basename': 'Cijk_Ailk_Bjlk_D_B_UserArgs_MT8x8x8_SN_LDSB0_AFCUFfcsU_uKO7Yjtf9P_Tdg5nvLSv2kY011dggF8adbYo=',
          'err': 0,
        }),
      ]),
    }),
    dict({
      'file': 'HSS.yaml',
      'kernels': list([
        dict({
          'basename': 'Cijk_Alik_Bljk_HSS_BH_Bias_HA_S_SAV_UserArgs_MT3XHdGVkdpg-0B-BRcB4f-eiLfi-u4hlbS_mRQEqrgqH0=',
          'err': 0,
        }),
        dict({
          'basename': 'Cijk_Alik_Bljk_HSS_BH_Bias_HA_S_SAV_UserArgs_MT9KMQSIkRiWAt1K_BEDOsvigjbHCkGib46INDqM0dmabg=',
          'err': 0,
        }),
        dict({
          'basename': 'Cijk_Alik_Bljk_HSS_BH_Bias_HA_S_SAV_UserArgs_MT9bqKHxTMaozJHK3xvPQ_j4OPxS2LxqBaUMEVnr6DtUC0=',
          'err': 0,
        }),
      ]),
    }),
    dict({
      'file': 'SB.yaml',
      'kernels': list([
        dict({
          'basename': 'Cijk_Ailk_Bjlk_S_B_Bias_HA_S_SAV_UserArgs_MT16x1d6NiZ5HWaHMSoWFl39ufNyiqHX5gzZkRn9xGIH7mxAg=',
          'err': 0,
        }),
        dict({
          'basename': 'Cijk_Ailk_Bjlk_S_B_Bias_HA_S_SAV_UserArgs_MT16x1sWFulNaeqAUvXcITXXnNpD-ltN0CGbJ2gJ6Dr9vR2ZA=',
          'err': 0,
        }),
        dict({
          'basename': 'Cijk_Ailk_Bjlk_S_B_Bias_HA_S_SAV_UserArgs_MT8x8xVVxPKPD8yXHgczt3eajdvrGRE38IGWie8t3lWZyDCVo=',
          'err': 0,
        }),
        dict({
          'basename': 'Cijk_Ailk_Bjlk_S_B_Bias_HA_S_SAV_UserArgs_MT8x8xuNDRQO06jAfBCjPRr1hug4v4x-MLZdMJIXIBIUlMMII=',
          'err': 0,
        }),
      ]),
    }),
  ])
# ---
