# serializer version: 1
# name: test_gfx950_dominant_golden
  list([
    dict({
      'basename': 'Cijk_Alik_Bljk_F8HS_BH_UserArgs_MT64x64x128_MI16kKbj1a3-U-iB5QiNpgdF7TOhN5usQWfcXJiHMEcUtEQ=',
      'err': 0,
    }),
    dict({
      'basename': 'Cijk_Alik_Bljk_F8HS_BH_UserArgs_MT64x64x128_MI32PdM9XVTwdZFd7-8nELUwUcF33D8iPOTJBtPks_zx0AM=',
      'err': 0,
    }),
  ])
# ---
