# serializer version: 1
# name: test_r2_store_gfx942_golden
  list([
    dict({
      'basename': 'Cijk_Alik_Bljk_BBS_BH_Bias_SAV_UserArgs_MT64x16xEwv_I_RtuIEmIRXdcUN1rw55eTapaLrZG-OrzsNL49w=',
      'err': 0,
    }),
    dict({
      'basename': 'Cijk_Alik_Bljk_BBS_BH_Bias_SAV_UserArgs_MT64x16xVm3wfY_KTonU55c7uZhOD8jUfsqdA773vD2Sm9_dXUU=',
      'err': 0,
    }),
    dict({
      'basename': 'Cijk_Alik_Bljk_BBS_BH_Bias_SAV_UserArgs_MT64x16xlNkXAZhFQ3O4kZIJm6dgqfgtUzoh2cPfz_SlrBG1P1E=',
      'err': 0,
    }),
    dict({
      'basename': 'Cijk_Alik_Bljk_BBS_BH_Bias_SAV_UserArgs_MT64x16xqFFwjPMS_h-ex_lgHbcIFrPzOfW8BKMFK6NG0WBUY1U=',
      'err': 0,
    }),
  ])
# ---
