# serializer version: 1
# name: test_gfx908_emit_digests
  list([
    dict({
      'file': 'BBS.yaml',
      'kernels': list([
        dict({
          'basename': 'Cijk_Ailk_Bljk_BBS_BH_Bias_HA_S_SAV_MT64x16x32_M9e4dXlpwRZTyEmHPf8LYfp-rtnT6E_7VwIsaKFZZXgY=',
          'err': 0,
        }),
      ]),
    }),
    dict({
      'file': 'HHS.yaml',
      'kernels': list([
        dict({
          'basename': 'Cijk_Ailk_Bljk_HHS_BH_Bias_HA_S_SAV_UserArgs_MT6Rjt_Pml7K3VkhjlhEqCqy_GkrfEDWxtxujA-cUVYpj4=',
          'err': 0,
        }),
      ]),
    }),
    dict({
      'file': 'HSS.yaml',
      'kernels': list([
        dict({
          'basename': 'Cijk_Ailk_Bjlk_HSS_BH_Bias_GG_HA_S_SAV_UserArgs_mNC4i9MUNefsObAzij-wYMMCgPy8vyi49VJwD9cCGyw=',
          'err': 0,
        }),
      ]),
    }),
    dict({
      'file': 'SB.yaml',
      'kernels': list([
        dict({
          'basename': 'Cijk_Alik_Bjlk_S_B_Bias_HA_S_SAV_UserArgs_MT32x32Nvcy6Xjv16zaRysoYaIEGHe_F5aJaISBN-bG79gwyE=',
          'err': 0,
        }),
      ]),
    }),
  ])
# ---
