# serializer version: 1
# name: test_gfx942_f8n_golden
  list([
    dict({
      'basename': 'Cijk_Ailk_Bljk_F8NHS_BH_Bias_S_HA_S_SAB_SCD_SAV_1hE5_TpjIJLunxcFLh5vGu3tGhiANLZFNfoIhw3sAKY=',
      'err': 0,
    }),
    dict({
      'basename': 'Cijk_Ailk_Bljk_F8NHS_BH_Bias_S_HA_S_SAB_SCD_SAV_J3RN0QSckeHDxOqdu4WnGrpp2uo88RSseSOtBbIOAbI=',
      'err': 0,
    }),
    dict({
      'basename': 'Cijk_Ailk_Bljk_F8NHS_BH_Bias_S_HA_S_SAB_SCD_SAV_LYWXuPhDTT2nF6oYFOzTSUWN44xdoxFuuRyOhp8uBi4=',
      'err': 0,
    }),
    dict({
      'basename': 'Cijk_Ailk_Bljk_F8NHS_BH_Bias_S_HA_S_SAB_SCD_SAV_OsX_2jTgZRL7DTjS9OijqNctTOpr1x51KOnuZB2l2zA=',
      'err': 0,
    }),
    dict({
      'basename': 'Cijk_Ailk_Bljk_F8NHS_BH_Bias_S_HA_S_SAB_SCD_SAV___unLe30KxiMcEEmn-8fmjfqKIChk-ve00uhLNqVBkM=',
      'err': 0,
    }),
    dict({
      'basename': 'Cijk_Ailk_Bljk_F8NHS_BH_Bias_S_HA_S_SAB_SCD_SAV_jsuCeqvfdz_VLECnotdOLagNEPNZ7tqkC8hjniuIXl4=',
      'err': 0,
    }),
    dict({
      'basename': 'Cijk_Ailk_Bljk_F8NHS_BH_Bias_S_HA_S_SAB_SCD_SAV_nMcN_iRBmKJq__3mEOq9xRe438jFCtxjOlolAM1dkkw=',
      'err': 0,
    }),
    dict({
      'basename': 'Cijk_Ailk_Bljk_F8NHS_BH_Bias_S_HA_S_SAB_SCD_SAV_t4FDjyZnbi0p4prhCJ2_BKVobc-OSIqGJsjE38R5bv4=',
      'err': 0,
    }),
  ])
# ---
