# serializer version: 1
# name: test_r4_fp8mx_gfx950_golden
  list([
    dict({
      'basename': 'Cijk_Alik_Bljk_F8SS_MXAE8B32_MXBE8B32_BH_UserArg7U6i80XUqcjxd5eA5fgCnf2TOn4mr3BWEBq-ExonAWs=',
      'err': 0,
    }),
    dict({
      'basename': 'Cijk_Alik_Bljk_F8SS_MXAE8B32_MXBE8B32_BH_UserArg_fSY3OIctZQU8wFxA7-fIuiLHzll-BQOeY0iIvjDV80=',
      'err': 0,
    }),
    dict({
      'basename': 'Cijk_Alik_Bljk_F8SS_MXAE8B32_MXBE8B32_BH_UserArgk4upmRDVuBYClbYM2UtIh0nVo1vDB_m3td1vO3jUOqg=',
      'err': 0,
    }),
    dict({
      'basename': 'Cijk_Alik_Bljk_F8SS_MXAE8B32_MXBE8B32_BH_UserArgmsT1LaVq7F-tfYWO5bMyZMlVx_4ZnNnYLS-wVFlG5N8=',
      'err': 0,
    }),
  ])
# ---
