# serializer version: 1
# name: test_s03_localwritedo_f8_bf8_stochastic_r_golden
  list([
    dict({
      'basename': 'Cijk_Alik_Bljk_F8H_HHS_BH_UserArgs_MT64x64x64_MI0UJqhmtCBLbkmLwNP5l7XIywJOS7uJ9neMauxw6wn7o=',
      'err': 0,
    }),
    dict({
      'basename': 'Cijk_Alik_Bljk_F8H_HHS_BH_UserArgs_MT64x64x64_MI2V0wYrESjdGEhcK3xLEqkshD0EkxXnlzRU7pEz__Y-c=',
      'err': 0,
    }),
    dict({
      'basename': 'Cijk_Alik_Bljk_F8H_HHS_BH_UserArgs_MT64x64x64_MIPoH6Pu8gIUadeM7vufBN_uxR6tcf9-KHa9lJ2vdm9HU=',
      'err': 0,
    }),
    dict({
      'basename': 'Cijk_Alik_Bljk_F8H_HHS_BH_UserArgs_MT64x64x64_MIUhdXp9dsJhV1mVe8OreNSLIXKHxnahOIfEowlFmj0Go=',
      'err': 0,
    }),
    dict({
      'basename': 'Cijk_Alik_Bljk_F8H_HHS_BH_UserArgs_MT64x64x64_MIpSbFNzpHR155siFhAQpfaIbhFox6F33XEESEO1dTznQ=',
      'err': 0,
    }),
    dict({
      'basename': 'Cijk_Alik_Bljk_F8H_HHS_BH_UserArgs_MT64x64x64_MIudRcTplvWi81THF6IsHCWUZGnn8-4V8GLfndJvCJ_Oo=',
      'err': 0,
    }),
  ])
# ---
