# serializer version: 1
# name: test_streamk_cluster_multicast_gfx1250_golden[pgr1_cs2_ck2]
  list([
    dict({
      'basename': 'Cijk_Alik_Bljk_F8SS_MXAE8B32_MXBE8B32_BH_UserArgCHIHRXsZ3YrLcT_0gek_FLh9qTzDOjJyKgigg6BUPU4=',
      'err': 0,
    }),
    dict({
      'basename': 'Cijk_Alik_Bljk_F8SS_MXAE8B32_MXBE8B32_BH_UserArgDSG1NO2sUIwcdFIhHDFZ7rtVfj286oqDlWMPKAvznw0=',
      'err': 0,
    }),
    dict({
      'basename': 'Cijk_Alik_Bljk_F8SS_MXAE8B32_MXBE8B32_BH_UserArgU1A6QyplN6nXLlPUyae7Q9ZGnF-jMA_pIYp7pLNPb8s=',
      'err': 0,
    }),
    dict({
      'basename': 'Cijk_Alik_Bljk_F8SS_MXAE8B32_MXBE8B32_BH_UserArgVimSW7NHIn9WsDD--qsxtkSgG0oiNkkXkMBNM_gL81A=',
      'err': 0,
    }),
    dict({
      'basename': 'Cijk_Alik_Bljk_F8SS_MXAE8B32_MXBE8B32_BH_UserArgei6Gz8vyXMP6iS50T2RbL6zx_sJ12U34ohXoKp4DzxI=',
      'err': 0,
    }),
    dict({
      'basename': 'Cijk_Alik_Bljk_F8SS_MXAE8B32_MXBE8B32_BH_UserArgprtEzTAIsh4og3-gfQ3fOaoSG8h9X296MtvGKQbEjqw=',
      'err': 0,
    }),
    dict({
      'basename': 'Cijk_Alik_Bljk_F8SS_MXAE8B32_MXBE8B32_BH_UserArgri_69JAqzTm-dpLvKRrLhrl2QpQG2zIVdEC0yVHHdjM=',
      'err': 0,
    }),
    dict({
      'basename': 'Cijk_Alik_Bljk_F8SS_MXAE8B32_MXBE8B32_BH_UserArgxrhv5ETTEkfKbz2QdJD0oKxKJRhxob_etG4PmD5Bhno=',
      'err': 0,
    }),
  ])
# ---
# name: test_streamk_cluster_multicast_gfx1250_golden[pgr1_cs4_ck1]
  list([
    dict({
      'basename': 'Cijk_Alik_Bljk_F8SS_MXAE8B32_MXBE8B32_BH_UserArg6_yFCMJoH3pJPUic3R31w5L7uTlrMyptey-NUd6-nKw=',
      'err': 0,
    }),
    dict({
      'basename': 'Cijk_Alik_Bljk_F8SS_MXAE8B32_MXBE8B32_BH_UserArg9HhQauB1uuoWAeHL7k3PcxXZmcA2NLA8xXeL6HYcNkk=',
      'err': 0,
    }),
    dict({
      'basename': 'Cijk_Alik_Bljk_F8SS_MXAE8B32_MXBE8B32_BH_UserArgUGEBKf2eifqjUCFQ_UbA7QFZ-fqOKk6K6rYKW2XT6t8=',
      'err': 0,
    }),
    dict({
      'basename': 'Cijk_Alik_Bljk_F8SS_MXAE8B32_MXBE8B32_BH_UserArgWs9i9ZWyMJYU4AIQlWhk7eJPDqpve0Dy0bFQ-zcQ1LI=',
      'err': 0,
    }),
    dict({
      'basename': 'Cijk_Alik_Bljk_F8SS_MXAE8B32_MXBE8B32_BH_UserArgle-kh11fiRqilLGvzNBUMGonJnrO1mWmQVLLhgVL8i8=',
      'err': 0,
    }),
    dict({
      'basename': 'Cijk_Alik_Bljk_F8SS_MXAE8B32_MXBE8B32_BH_UserArgpMXZXu58-w8RW90n-eC0xnV-3jA6yRhD4PcKud8B4QY=',
      'err': 0,
    }),
    dict({
      'basename': 'Cijk_Alik_Bljk_F8SS_MXAE8B32_MXBE8B32_BH_UserArgtvjD8uWzaC-p-MZ3-HfEdxYos27I6ECn_1OLUtoInNs=',
      'err': 0,
    }),
    dict({
      'basename': 'Cijk_Alik_Bljk_F8SS_MXAE8B32_MXBE8B32_BH_UserArgxhGB94YNyb7I2SQGwKQtUnSd1DgJY6eDstGdCad3HO0=',
      'err': 0,
    }),
  ])
# ---
# name: test_streamk_cluster_multicast_gfx1250_golden[pgr2_cs2_ck2]
  list([
    dict({
      'basename': 'Cijk_Alik_Bljk_F8SS_MXAE8B32_MXBE8B32_BH_UserArgNgFqKwe0l9dfJA0chPPkJg6ucXRdw4-Tsr3AAoL-IN8=',
      'err': 0,
    }),
    dict({
      'basename': 'Cijk_Alik_Bljk_F8SS_MXAE8B32_MXBE8B32_BH_UserArgOoKSKB-gs2ky0iJnTxfvOFmhkChEXlptP_cAo4fuYv8=',
      'err': 0,
    }),
    dict({
      'basename': 'Cijk_Alik_Bljk_F8SS_MXAE8B32_MXBE8B32_BH_UserArgTywz655H5YeY_9-Y_nTcm3aX3bwP0YLGLnQBHxErFyM=',
      'err': 0,
    }),
    dict({
      'basename': 'Cijk_Alik_Bljk_F8SS_MXAE8B32_MXBE8B32_BH_UserArgXlVH-ZlmBmdCxJPVeYPySVOSVJz-iKxcW-yxNo-TyFo=',
      'err': 0,
    }),
    dict({
      'basename': 'Cijk_Alik_Bljk_F8SS_MXAE8B32_MXBE8B32_BH_UserArgbOadGb8yNN5xuPHROaQBW4g4_4X2YvJnCs7jye0Q7IU=',
      'err': 0,
    }),
    dict({
      'basename': 'Cijk_Alik_Bljk_F8SS_MXAE8B32_MXBE8B32_BH_UserArgcFfCrDd9w1mNSTxfpY7NIbwqvd7NVT7hwt2dnr8pc2s=',
      'err': 0,
    }),
    dict({
      'basename': 'Cijk_Alik_Bljk_F8SS_MXAE8B32_MXBE8B32_BH_UserArgkGqeh6FjCc1hjvEqwYEf4UlDw2abESYTkdY6Xs5uS7k=',
      'err': 0,
    }),
    dict({
      'basename': 'Cijk_Alik_Bljk_F8SS_MXAE8B32_MXBE8B32_BH_UserArgutG2aBHsMH0ZNE2Mbk5g2eoYzsDUQa3ei4Vpi59dQXo=',
      'err': 0,
    }),
  ])
# ---
# name: test_streamk_cluster_multicast_gfx1250_golden[pgr2_cs4_ck1]
  list([
    dict({
      'basename': 'Cijk_Alik_Bljk_F8SS_MXAE8B32_MXBE8B32_BH_UserArg1DBKFV85TgRBi9cmmGIq0gTxynU1j_odHvQxU6BOCVk=',
      'err': 0,
    }),
    dict({
      'basename': 'Cijk_Alik_Bljk_F8SS_MXAE8B32_MXBE8B32_BH_UserArg38bzGG4Xg_P4ymGJfRqYVw8gr6pGZqxlo-H5xtk4Iu0=',
      'err': 0,
    }),
    dict({
      'basename': 'Cijk_Alik_Bljk_F8SS_MXAE8B32_MXBE8B32_BH_UserArgCnaWojA-M-3OQc3cPeGFlH6y8jBXsd96rQPxikmbDZc=',
      'err': 0,
    }),
    dict({
      'basename': 'Cijk_Alik_Bljk_F8SS_MXAE8B32_MXBE8B32_BH_UserArgG4hD2EgNIbVh78RTYnuzQw3qDIVFmMm2xTe9Jj7Fxzw=',
      'err': 0,
    }),
    dict({
      'basename': 'Cijk_Alik_Bljk_F8SS_MXAE8B32_MXBE8B32_BH_UserArgRZ85uBmMpHuhtGIzHBDHtPH2iRucIx3hD59XFs2A_R0=',
      'err': 0,
    }),
    dict({
      'basename': 'Cijk_Alik_Bljk_F8SS_MXAE8B32_MXBE8B32_BH_UserArgjUeDZbd7e-6qQzOaoQxJgxNXVR4WztIPfhSGfFsVaB4=',
      'err': 0,
    }),
    dict({
      'basename': 'Cijk_Alik_Bljk_F8SS_MXAE8B32_MXBE8B32_BH_UserArgjs_imhOMFBoChkTkT1H6SS-fzZWjfK52TOMqLsnCRhI=',
      'err': 0,
    }),
    dict({
      'basename': 'Cijk_Alik_Bljk_F8SS_MXAE8B32_MXBE8B32_BH_UserArgpm7C_yqcp1a6Mza-_KpKUEZuFwJzo-vGNAdAWhJFop8=',
      'err': 0,
    }),
  ])
# ---
