# serializer version: 1
# name: test_gfx950_bbs_golden
  list([
    dict({
      'basename': 'Cijk_Alik_Bljk_BBS_BH_Bias_HA_S_UserArgs_MT64x16-pH8BGDk0rCoQbPviJc9ZSuIgPqhFQ_zMFZjcQTLJGA=',
      'err': 0,
    }),
    dict({
      'basename': 'Cijk_Alik_Bljk_BBS_BH_Bias_HA_S_UserArgs_MT64x16isOpWzAFO_bY0d-oYCiA6s59jW4gN6HOmpokAhHryKE=',
      'err': 0,
    }),
  ])
# ---
