# serializer version: 1
# name: test_create_library_logic_dict_arch
  dict({
    'ArchitectureName': 'gfx942',
    'CUCount': 228,
    'DefaultSolution': dict({
      '1LDSBuffer': 0,
      'ActivationAlt': False,
      'ActivationFuncCall': True,
      'ActivationFused': True,
      'AdaptiveGemm': 0,
      'AdaptiveGemmGSUA': 0,
      'AdaptiveGemmNTAB': 0,
      'AssertAIGreaterThanEqual': -1,
      'AssertAILessThanEqual': -1,
      'AssertFree0ElementMultiple': 1,
      'AssertFree1ElementMultiple': 1,
      'AssertSummationElementMultiple': 1,
      'BufferLoad': True,
      'BufferStore': True,
      'ClusterDim': list([
        1,
        1,
      ]),
      'ClusterLocalRead': 1,
      'CompactLoopStore': False,
      'ConvertAfterDS': False,
      'CustomKernelName': '',
      'DebugPersistentKernelLoopForever': False,
      'DebugStreamK': 0,
      'DepthU': -1,
      'DirectToLds': 0,
      'DirectToLdsMetadata': 1,
      'DirectToVgprA': False,
      'DirectToVgprB': False,
      'DirectToVgprMXSA': False,
      'DirectToVgprMXSB': False,
      'DirectToVgprSparseMetadata': False,
      'DtlPlusLdsBuf': -1,
      'ExpandPointerSwap': True,
      'ExtraLatencyForLR': 0,
      'ExtraMiLatencyLeft': -1,
      'ForceDisableShadowInit': False,
      'GlobalReadPerMfma': 1.0,
      'GlobalReadVectorWidthA': -1,
      'GlobalReadVectorWidthB': -1,
      'GlobalSplitU': 1,
      'GlobalSplitUAlgorithm': 'MultipleBuffer',
      'GlobalSplitUCoalesced': False,
      'GlobalSplitUWorkGroupMappingRoundRobin': False,
      'GroupLoadStore': False,
      'HalfPLR': 0,
      'InitCIterWmma': -1,
      'InnerUnroll': 1,
      'InterleaveAlpha': 0,
      'KernelLanguage': 'Assembly',
      'LDSSegmentInterleave': 0,
      'LDSTrInst': False,
      'LdsBlockSizePerPadA': -1,
      'LdsBlockSizePerPadB': -1,
      'LdsBlockSizePerPadMXSA': -1,
      'LdsBlockSizePerPadMXSB': -1,
      'LdsBlockSizePerPadMetadata': -1,
      'LdsPadA': -1,
      'LdsPadB': -1,
      'LdsPadMXSA': -1,
      'LdsPadMXSB': -1,
      'LdsPadMetadata': -1,
      'LocalReadVectorWidth': -1,
      'LocalReadVectorWidthA': -1,
      'LocalReadVectorWidthB': -1,
      'LocalWritePerMfma': -1,
      'MIArchVgpr': False,
      'MXLoadInst': 'Auto',
      'MXScaleFormat': 'Auto',
      'MagicDivAlg': 2,
      'MatrixInstruction': list([
      ]),
      'MaxLDS': -1,
      'MaxOccupancy': 64,
      'MbskPrefetchMethod': -1,
      'MinGRIncPerMfma': -1,
      'NoReject': False,
      'NonTemporal': -1,
      'NonTemporalA': 0,
      'NonTemporalB': 0,
      'NonTemporalC': 0,
      'NonTemporalD': 0,
      'NonTemporalE': 0,
      'NonTemporalGate': 0,
      'NonTemporalMXSA': 0,
      'NonTemporalMXSB': 0,
      'NonTemporalMetadata': 0,
      'NonTemporalWS': 0,
      'NonVolatile': -1,
      'NonVolatileA': 0,
      'NonVolatileB': 0,
      'NonVolatileC': 0,
      'NonVolatileD': 0,
      'NonVolatileE': 0,
      'NonVolatileMXSA': 0,
      'NonVolatileMXSB': 0,
      'NonVolatileMetadata': 0,
      'NonVolatileWS': 0,
      'NumElementsPerBatchStore': 0,
      'NumLoadsCoalescedA': 1,
      'NumLoadsCoalescedB': 1,
      'OptNoLoadLoop': 1,
      'PrefetchAcrossPersistent': 0,
      'PrefetchGL2': 0,
      'PrefetchGlobalRead': 1,
      'PrefetchLocalRead': 1,
      'PreloadKernArgs': True,
      'ReuseAcrossPersistent': 0,
      'SFCWGM': list([
        list([
          1,
          1,
        ]),
        list([
          1,
          1,
        ]),
      ]),
      'ScheduleGROverBarrier': -1,
      'ScheduleGlobalRead': 1,
      'ScheduleIterAlg': 3,
      'ScheduleLocalWrite': 1,
      'SourceSwap': False,
      'SpaceFillingAlgo': list([
      ]),
      'StaggerU': 32,
      'StaggerUMapping': 0,
      'StaggerUStride': 256,
      'StorePriorityOpt': False,
      'StoreRemapVectorWidth': 0,
      'StoreSyncOpt': 0,
      'StoreVectorWidth': -1,
      'StreamK': 0,
      'StreamKAtomic': 0,
      'StreamKFixupTreeReduction': 0,
      'StreamKForceDPOnly': 0,
      'StreamKWorkStealing': 0,
      'StreamKXCCMapping': 0,
      'SuppressNoLoadLoop': False,
      'SwInstructionPrefetch': 1,
      'SwapGlobalReadOrder': 0,
      'TDMInst': 0,
      'TDMIterateMode': 0,
      'TDMLoadWaveSync': False,
      'TDMPlusLdsBuf': 0,
      'TDMSplit': False,
      'TailloopInNll': False,
      'TemporalHint': -1,
      'TemporalHintA': 0,
      'TemporalHintB': 0,
      'TemporalHintC': 0,
      'TemporalHintD': 0,
      'TemporalHintE': 0,
      'TemporalHintMXSA': 0,
      'TemporalHintMXSB': 0,
      'TemporalHintMetadata': 0,
      'TemporalHintWS': 0,
      'ThreadTile': list([
        4,
        4,
      ]),
      'TransposeLDS': -1,
      'TransposeLDSMetadata': -1,
      'UnrollLoopSwapGlobalReadOrder': 0,
      'Use64bShadowLimit': True,
      'Use64bShadowLimitMX': False,
      'UseCustomMainLoopSchedule': -1,
      'UseDualFMAC': False,
      'UseInstOffsetForGRO': 0,
      'UsePLRPack': 0,
      'UseSgprForGRO': -1,
      'UseSubtileImpl': False,
      'VectorStore': -1,
      'VectorWidthA': -1,
      'VectorWidthB': -1,
      'WaveSeparateGlobalReadA': 0,
      'WaveSeparateGlobalReadB': 0,
      'WaveSeparateGlobalReadMetadata': 0,
      'WaveSplitK': False,
      'WavefrontSize': -1,
      'WorkGroup': list([
        16,
        16,
        1,
      ]),
      'WorkGroupMapping': 8,
      'WorkGroupMappingXCC': 1,
      'WorkGroupMappingXCCGroup': -1,
      'WorkGroupReduction': False,
    }),
    'DeviceNames': list([
      'Device 0049',
    ]),
    'ExactLogic': list([
      list([
        list([
          1,
          1,
          1,
        ]),
        list([
          0,
          1.0,
        ]),
      ]),
    ]),
    'IndexOrder': list([
      0,
      1,
    ]),
    'LibraryType': 'Matching',
    'MinimumRequiredVersion': '<VERSION>',
    'PerfMetric': 'perf-metric',
    'ProblemType': dict({
      'ActivationComputeDataType': 0,
      'ActivationType': 'none',
      'BiasDataTypeList': list([
        0,
      ]),
      'ComputeDataType': 0,
      'DataType': 4,
      'DataTypeA': 4,
      'DataTypeAmaxD': 0,
      'DataTypeB': 4,
      'DataTypeE': 0,
      'DestDataType': 0,
      'F32XdlMathOp': 0,
      'MacDataTypeA': 4,
      'MacDataTypeB': 4,
      'OperationType': 'GEMM',
    }),
    'RangeLogic': None,
    'ScheduleName': 'aquavanjaram',
    'Solutions': list([
      dict({
        'ISA': list([
          9,
          4,
          2,
        ]),
        'SolutionIndex': 0,
      }),
    ]),
    'TileSelectionIndices': None,
  })
# ---
# name: test_create_library_logic_no_exact
  dict({
    'ArchitectureName': 'gfx90a',
    'CUCount': None,
    'DefaultSolution': dict({
      '1LDSBuffer': 0,
      'ActivationAlt': False,
      'ActivationFuncCall': True,
      'ActivationFused': True,
      'AdaptiveGemm': 0,
      'AdaptiveGemmGSUA': 0,
      'AdaptiveGemmNTAB': 0,
      'AssertAIGreaterThanEqual': -1,
      'AssertAILessThanEqual': -1,
      'AssertFree0ElementMultiple': 1,
      'AssertFree1ElementMultiple': 1,
      'AssertSummationElementMultiple': 1,
      'BufferLoad': True,
      'BufferStore': True,
      'ClusterDim': list([
        1,
        1,
      ]),
      'ClusterLocalRead': 1,
      'CompactLoopStore': False,
      'ConvertAfterDS': False,
      'CustomKernelName': '',
      'DebugPersistentKernelLoopForever': False,
      'DebugStreamK': 0,
      'DepthU': -1,
      'DirectToLds': 0,
      'DirectToLdsMetadata': 1,
      'DirectToVgprA': False,
      'DirectToVgprB': False,
      'DirectToVgprMXSA': False,
      'DirectToVgprMXSB': False,
      'DirectToVgprSparseMetadata': False,
      'DtlPlusLdsBuf': -1,
      'ExpandPointerSwap': True,
      'ExtraLatencyForLR': 0,
      'ExtraMiLatencyLeft': -1,
      'ForceDisableShadowInit': False,
      'GlobalReadPerMfma': 1.0,
      'GlobalReadVectorWidthA': -1,
      'GlobalReadVectorWidthB': -1,
      'GlobalSplitU': 1,
      'GlobalSplitUAlgorithm': 'MultipleBuffer',
      'GlobalSplitUCoalesced': False,
      'GlobalSplitUWorkGroupMappingRoundRobin': False,
      'GroupLoadStore': False,
      'HalfPLR': 0,
      'InitCIterWmma': -1,
      'InnerUnroll': 1,
      'InterleaveAlpha': 0,
      'KernelLanguage': 'Assembly',
      'LDSSegmentInterleave': 0,
      'LDSTrInst': False,
      'LdsBlockSizePerPadA': -1,
      'LdsBlockSizePerPadB': -1,
      'LdsBlockSizePerPadMXSA': -1,
      'LdsBlockSizePerPadMXSB': -1,
      'LdsBlockSizePerPadMetadata': -1,
      'LdsPadA': -1,
      'LdsPadB': -1,
      'LdsPadMXSA': -1,
      'LdsPadMXSB': -1,
      'LdsPadMetadata': -1,
      'LocalReadVectorWidth': -1,
      'LocalReadVectorWidthA': -1,
      'LocalReadVectorWidthB': -1,
      'LocalWritePerMfma': -1,
      'MIArchVgpr': False,
      'MXLoadInst': 'Auto',
      'MXScaleFormat': 'Auto',
      'MagicDivAlg': 2,
      'MatrixInstruction': list([
      ]),
      'MaxLDS': -1,
      'MaxOccupancy': 64,
      'MbskPrefetchMethod': -1,
      'MinGRIncPerMfma': -1,
      'NoReject': False,
      'NonTemporal': -1,
      'NonTemporalA': 0,
      'NonTemporalB': 0,
      'NonTemporalC': 0,
      'NonTemporalD': 0,
      'NonTemporalE': 0,
      'NonTemporalGate': 0,
      'NonTemporalMXSA': 0,
      'NonTemporalMXSB': 0,
      'NonTemporalMetadata': 0,
      'NonTemporalWS': 0,
      'NonVolatile': -1,
      'NonVolatileA': 0,
      'NonVolatileB': 0,
      'NonVolatileC': 0,
      'NonVolatileD': 0,
      'NonVolatileE': 0,
      'NonVolatileMXSA': 0,
      'NonVolatileMXSB': 0,
      'NonVolatileMetadata': 0,
      'NonVolatileWS': 0,
      'NumElementsPerBatchStore': 0,
      'NumLoadsCoalescedA': 1,
      'NumLoadsCoalescedB': 1,
      'OptNoLoadLoop': 1,
      'PrefetchAcrossPersistent': 0,
      'PrefetchGL2': 0,
      'PrefetchGlobalRead': 1,
      'PrefetchLocalRead': 1,
      'PreloadKernArgs': True,
      'ReuseAcrossPersistent': 0,
      'SFCWGM': list([
        list([
          1,
          1,
        ]),
        list([
          1,
          1,
        ]),
      ]),
      'ScheduleGROverBarrier': -1,
      'ScheduleGlobalRead': 1,
      'ScheduleIterAlg': 3,
      'ScheduleLocalWrite': 1,
      'SourceSwap': False,
      'SpaceFillingAlgo': list([
      ]),
      'StaggerU': 32,
      'StaggerUMapping': 0,
      'StaggerUStride': 256,
      'StorePriorityOpt': False,
      'StoreRemapVectorWidth': 0,
      'StoreSyncOpt': 0,
      'StoreVectorWidth': -1,
      'StreamK': 0,
      'StreamKAtomic': 0,
      'StreamKFixupTreeReduction': 0,
      'StreamKForceDPOnly': 0,
      'StreamKWorkStealing': 0,
      'StreamKXCCMapping': 0,
      'SuppressNoLoadLoop': False,
      'SwInstructionPrefetch': 1,
      'SwapGlobalReadOrder': 0,
      'TDMInst': 0,
      'TDMIterateMode': 0,
      'TDMLoadWaveSync': False,
      'TDMPlusLdsBuf': 0,
      'TDMSplit': False,
      'TailloopInNll': False,
      'TemporalHint': -1,
      'TemporalHintA': 0,
      'TemporalHintB': 0,
      'TemporalHintC': 0,
      'TemporalHintD': 0,
      'TemporalHintE': 0,
      'TemporalHintMXSA': 0,
      'TemporalHintMXSB': 0,
      'TemporalHintMetadata': 0,
      'TemporalHintWS': 0,
      'ThreadTile': list([
        4,
        4,
      ]),
      'TransposeLDS': -1,
      'TransposeLDSMetadata': -1,
      'UnrollLoopSwapGlobalReadOrder': 0,
      'Use64bShadowLimit': True,
      'Use64bShadowLimitMX': False,
      'UseCustomMainLoopSchedule': -1,
      'UseDualFMAC': False,
      'UseInstOffsetForGRO': 0,
      'UsePLRPack': 0,
      'UseSgprForGRO': -1,
      'UseSubtileImpl': False,
      'VectorStore': -1,
      'VectorWidthA': -1,
      'VectorWidthB': -1,
      'WaveSeparateGlobalReadA': 0,
      'WaveSeparateGlobalReadB': 0,
      'WaveSeparateGlobalReadMetadata': 0,
      'WaveSplitK': False,
      'WavefrontSize': -1,
      'WorkGroup': list([
        16,
        16,
        1,
      ]),
      'WorkGroupMapping': 8,
      'WorkGroupMappingXCC': 1,
      'WorkGroupMappingXCCGroup': -1,
      'WorkGroupReduction': False,
    }),
    'DeviceNames': list([
      'Device 0049',
    ]),
    'ExactLogic': None,
    'IndexOrder': list([
      0,
      1,
    ]),
    'LibraryType': 'Matching',
    'MinimumRequiredVersion': '<VERSION>',
    'PerfMetric': 'perf-metric',
    'ProblemType': dict({
      'ActivationComputeDataType': 0,
      'ActivationType': 'none',
      'BiasDataTypeList': list([
        0,
      ]),
      'ComputeDataType': 0,
      'DataType': 4,
      'DataTypeA': 4,
      'DataTypeAmaxD': 0,
      'DataTypeB': 4,
      'DataTypeE': 0,
      'DestDataType': 0,
      'F32XdlMathOp': 0,
      'MacDataTypeA': 4,
      'MacDataTypeB': 4,
      'OperationType': 'GEMM',
    }),
    'RangeLogic': None,
    'ScheduleName': 'aquavanjaram',
    'Solutions': list([
      dict({
        'ISA': list([
          9,
          4,
          2,
        ]),
        'SolutionIndex': 0,
      }),
    ]),
    'TileSelectionIndices': None,
  })
# ---
# name: test_create_library_logic_roundtrip
  dict({
    'ArchitectureName': 'gfx942',
    'CUCount': None,
    'DefaultSolution': dict({
      '1LDSBuffer': 0,
      'ActivationAlt': False,
      'ActivationFuncCall': True,
      'ActivationFused': True,
      'AdaptiveGemm': 0,
      'AdaptiveGemmGSUA': 0,
      'AdaptiveGemmNTAB': 0,
      'AssertAIGreaterThanEqual': -1,
      'AssertAILessThanEqual': -1,
      'AssertFree0ElementMultiple': 1,
      'AssertFree1ElementMultiple': 1,
      'AssertSummationElementMultiple': 1,
      'BufferLoad': True,
      'BufferStore': True,
      'ClusterDim': list([
        1,
        1,
      ]),
      'ClusterLocalRead': 1,
      'CompactLoopStore': False,
      'ConvertAfterDS': False,
      'CustomKernelName': '',
      'DebugPersistentKernelLoopForever': False,
      'DebugStreamK': 0,
      'DepthU': -1,
      'DirectToLds': 0,
      'DirectToLdsMetadata': 1,
      'DirectToVgprA': False,
      'DirectToVgprB': False,
      'DirectToVgprMXSA': False,
      'DirectToVgprMXSB': False,
      'DirectToVgprSparseMetadata': False,
      'DtlPlusLdsBuf': -1,
      'ExpandPointerSwap': True,
      'ExtraLatencyForLR': 0,
      'ExtraMiLatencyLeft': -1,
      'ForceDisableShadowInit': False,
      'GlobalReadPerMfma': 1.0,
      'GlobalReadVectorWidthA': -1,
      'GlobalReadVectorWidthB': -1,
      'GlobalSplitU': 1,
      'GlobalSplitUAlgorithm': 'MultipleBuffer',
      'GlobalSplitUCoalesced': False,
      'GlobalSplitUWorkGroupMappingRoundRobin': False,
      'GroupLoadStore': False,
      'HalfPLR': 0,
      'InitCIterWmma': -1,
      'InnerUnroll': 1,
      'InterleaveAlpha': 0,
      'KernelLanguage': 'Assembly',
      'LDSSegmentInterleave': 0,
      'LDSTrInst': False,
      'LdsBlockSizePerPadA': -1,
      'LdsBlockSizePerPadB': -1,
      'LdsBlockSizePerPadMXSA': -1,
      'LdsBlockSizePerPadMXSB': -1,
      'LdsBlockSizePerPadMetadata': -1,
      'LdsPadA': -1,
      'LdsPadB': -1,
      'LdsPadMXSA': -1,
      'LdsPadMXSB': -1,
      'LdsPadMetadata': -1,
      'LocalReadVectorWidth': -1,
      'LocalReadVectorWidthA': -1,
      'LocalReadVectorWidthB': -1,
      'LocalWritePerMfma': -1,
      'MIArchVgpr': False,
      'MXLoadInst': 'Auto',
      'MXScaleFormat': 'Auto',
      'MagicDivAlg': 2,
      'MatrixInstruction': list([
      ]),
      'MaxLDS': -1,
      'MaxOccupancy': 64,
      'MbskPrefetchMethod': -1,
      'MinGRIncPerMfma': -1,
      'NoReject': False,
      'NonTemporal': -1,
      'NonTemporalA': 0,
      'NonTemporalB': 0,
      'NonTemporalC': 0,
      'NonTemporalD': 0,
      'NonTemporalE': 0,
      'NonTemporalGate': 0,
      'NonTemporalMXSA': 0,
      'NonTemporalMXSB': 0,
      'NonTemporalMetadata': 0,
      'NonTemporalWS': 0,
      'NonVolatile': -1,
      'NonVolatileA': 0,
      'NonVolatileB': 0,
      'NonVolatileC': 0,
      'NonVolatileD': 0,
      'NonVolatileE': 0,
      'NonVolatileMXSA': 0,
      'NonVolatileMXSB': 0,
      'NonVolatileMetadata': 0,
      'NonVolatileWS': 0,
      'NumElementsPerBatchStore': 0,
      'NumLoadsCoalescedA': 1,
      'NumLoadsCoalescedB': 1,
      'OptNoLoadLoop': 1,
      'PrefetchAcrossPersistent': 0,
      'PrefetchGL2': 0,
      'PrefetchGlobalRead': 1,
      'PrefetchLocalRead': 1,
      'PreloadKernArgs': True,
      'ReuseAcrossPersistent': 0,
      'SFCWGM': list([
        list([
          1,
          1,
        ]),
        list([
          1,
          1,
        ]),
      ]),
      'ScheduleGROverBarrier': -1,
      'ScheduleGlobalRead': 1,
      'ScheduleIterAlg': 3,
      'ScheduleLocalWrite': 1,
      'SourceSwap': False,
      'SpaceFillingAlgo': list([
      ]),
      'StaggerU': 32,
      'StaggerUMapping': 0,
      'StaggerUStride': 256,
      'StorePriorityOpt': False,
      'StoreRemapVectorWidth': 0,
      'StoreSyncOpt': 0,
      'StoreVectorWidth': -1,
      'StreamK': 0,
      'StreamKAtomic': 0,
      'StreamKFixupTreeReduction': 0,
      'StreamKForceDPOnly': 0,
      'StreamKWorkStealing': 0,
      'StreamKXCCMapping': 0,
      'SuppressNoLoadLoop': False,
      'SwInstructionPrefetch': 1,
      'SwapGlobalReadOrder': 0,
      'TDMInst': 0,
      'TDMIterateMode': 0,
      'TDMLoadWaveSync': False,
      'TDMPlusLdsBuf': 0,
      'TDMSplit': False,
      'TailloopInNll': False,
      'TemporalHint': -1,
      'TemporalHintA': 0,
      'TemporalHintB': 0,
      'TemporalHintC': 0,
      'TemporalHintD': 0,
      'TemporalHintE': 0,
      'TemporalHintMXSA': 0,
      'TemporalHintMXSB': 0,
      'TemporalHintMetadata': 0,
      'TemporalHintWS': 0,
      'ThreadTile': list([
        4,
        4,
      ]),
      'TransposeLDS': -1,
      'TransposeLDSMetadata': -1,
      'UnrollLoopSwapGlobalReadOrder': 0,
      'Use64bShadowLimit': True,
      'Use64bShadowLimitMX': False,
      'UseCustomMainLoopSchedule': -1,
      'UseDualFMAC': False,
      'UseInstOffsetForGRO': 0,
      'UsePLRPack': 0,
      'UseSgprForGRO': -1,
      'UseSubtileImpl': False,
      'VectorStore': -1,
      'VectorWidthA': -1,
      'VectorWidthB': -1,
      'WaveSeparateGlobalReadA': 0,
      'WaveSeparateGlobalReadB': 0,
      'WaveSeparateGlobalReadMetadata': 0,
      'WaveSplitK': False,
      'WavefrontSize': -1,
      'WorkGroup': list([
        16,
        16,
        1,
      ]),
      'WorkGroupMapping': 8,
      'WorkGroupMappingXCC': 1,
      'WorkGroupMappingXCCGroup': -1,
      'WorkGroupReduction': False,
    }),
    'DeviceNames': list([
      'Device 0049',
    ]),
    'ExactLogic': list([
      list([
        list([
          1,
          1,
          1,
        ]),
        list([
          0,
          1.0,
        ]),
      ]),
    ]),
    'IndexOrder': list([
      0,
      1,
    ]),
    'Library': dict({
      'distance': 'Matching',
      'indexOrder': list([
        0,
        1,
      ]),
      'table': list([
        list([
          list([
            1,
            1,
            1,
          ]),
          list([
            0,
            1.0,
          ]),
        ]),
      ]),
    }),
    'LibraryType': 'Matching',
    'MinimumRequiredVersion': '<VERSION>',
    'PerfMetric': 'perf-metric',
    'ProblemType': dict({
      'OperationType': 'GEMM',
    }),
    'RangeLogic': None,
    'ScheduleName': 'aquavanjaram',
    'Solutions': list([
      dict({
        'SolutionIndex': 0,
      }),
      dict({
        'SolutionIndex': 1,
      }),
    ]),
    'TileSelectionIndices': None,
  })
# ---
# name: test_create_library_logic_roundtrip_dict
  dict({
    'ArchitectureName': 'gfx942',
    'CUCount': None,
    'DefaultSolution': dict({
      '1LDSBuffer': 0,
      'ActivationAlt': False,
      'ActivationFuncCall': True,
      'ActivationFused': True,
      'AdaptiveGemm': 0,
      'AdaptiveGemmGSUA': 0,
      'AdaptiveGemmNTAB': 0,
      'AssertAIGreaterThanEqual': -1,
      'AssertAILessThanEqual': -1,
      'AssertFree0ElementMultiple': 1,
      'AssertFree1ElementMultiple': 1,
      'AssertSummationElementMultiple': 1,
      'BufferLoad': True,
      'BufferStore': True,
      'ClusterDim': list([
        1,
        1,
      ]),
      'ClusterLocalRead': 1,
      'CompactLoopStore': False,
      'ConvertAfterDS': False,
      'CustomKernelName': '',
      'DebugPersistentKernelLoopForever': False,
      'DebugStreamK': 0,
      'DepthU': -1,
      'DirectToLds': 0,
      'DirectToLdsMetadata': 1,
      'DirectToVgprA': False,
      'DirectToVgprB': False,
      'DirectToVgprMXSA': False,
      'DirectToVgprMXSB': False,
      'DirectToVgprSparseMetadata': False,
      'DtlPlusLdsBuf': -1,
      'ExpandPointerSwap': True,
      'ExtraLatencyForLR': 0,
      'ExtraMiLatencyLeft': -1,
      'ForceDisableShadowInit': False,
      'GlobalReadPerMfma': 1.0,
      'GlobalReadVectorWidthA': -1,
      'GlobalReadVectorWidthB': -1,
      'GlobalSplitU': 1,
      'GlobalSplitUAlgorithm': 'MultipleBuffer',
      'GlobalSplitUCoalesced': False,
      'GlobalSplitUWorkGroupMappingRoundRobin': False,
      'GroupLoadStore': False,
      'HalfPLR': 0,
      'InitCIterWmma': -1,
      'InnerUnroll': 1,
      'InterleaveAlpha': 0,
      'KernelLanguage': 'Assembly',
      'LDSSegmentInterleave': 0,
      'LDSTrInst': False,
      'LdsBlockSizePerPadA': -1,
      'LdsBlockSizePerPadB': -1,
      'LdsBlockSizePerPadMXSA': -1,
      'LdsBlockSizePerPadMXSB': -1,
      'LdsBlockSizePerPadMetadata': -1,
      'LdsPadA': -1,
      'LdsPadB': -1,
      'LdsPadMXSA': -1,
      'LdsPadMXSB': -1,
      'LdsPadMetadata': -1,
      'LocalReadVectorWidth': -1,
      'LocalReadVectorWidthA': -1,
      'LocalReadVectorWidthB': -1,
      'LocalWritePerMfma': -1,
      'MIArchVgpr': False,
      'MXLoadInst': 'Auto',
      'MXScaleFormat': 'Auto',
      'MagicDivAlg': 2,
      'MatrixInstruction': list([
      ]),
      'MaxLDS': -1,
      'MaxOccupancy': 64,
      'MbskPrefetchMethod': -1,
      'MinGRIncPerMfma': -1,
      'NoReject': False,
      'NonTemporal': -1,
      'NonTemporalA': 0,
      'NonTemporalB': 0,
      'NonTemporalC': 0,
      'NonTemporalD': 0,
      'NonTemporalE': 0,
      'NonTemporalGate': 0,
      'NonTemporalMXSA': 0,
      'NonTemporalMXSB': 0,
      'NonTemporalMetadata': 0,
      'NonTemporalWS': 0,
      'NonVolatile': -1,
      'NonVolatileA': 0,
      'NonVolatileB': 0,
      'NonVolatileC': 0,
      'NonVolatileD': 0,
      'NonVolatileE': 0,
      'NonVolatileMXSA': 0,
      'NonVolatileMXSB': 0,
      'NonVolatileMetadata': 0,
      'NonVolatileWS': 0,
      'NumElementsPerBatchStore': 0,
      'NumLoadsCoalescedA': 1,
      'NumLoadsCoalescedB': 1,
      'OptNoLoadLoop': 1,
      'PrefetchAcrossPersistent': 0,
      'PrefetchGL2': 0,
      'PrefetchGlobalRead': 1,
      'PrefetchLocalRead': 1,
      'PreloadKernArgs': True,
      'ReuseAcrossPersistent': 0,
      'SFCWGM': list([
        list([
          1,
          1,
        ]),
        list([
          1,
          1,
        ]),
      ]),
      'ScheduleGROverBarrier': -1,
      'ScheduleGlobalRead': 1,
      'ScheduleIterAlg': 3,
      'ScheduleLocalWrite': 1,
      'SourceSwap': False,
      'SpaceFillingAlgo': list([
      ]),
      'StaggerU': 32,
      'StaggerUMapping': 0,
      'StaggerUStride': 256,
      'StorePriorityOpt': False,
      'StoreRemapVectorWidth': 0,
      'StoreSyncOpt': 0,
      'StoreVectorWidth': -1,
      'StreamK': 0,
      'StreamKAtomic': 0,
      'StreamKFixupTreeReduction': 0,
      'StreamKForceDPOnly': 0,
      'StreamKWorkStealing': 0,
      'StreamKXCCMapping': 0,
      'SuppressNoLoadLoop': False,
      'SwInstructionPrefetch': 1,
      'SwapGlobalReadOrder': 0,
      'TDMInst': 0,
      'TDMIterateMode': 0,
      'TDMLoadWaveSync': False,
      'TDMPlusLdsBuf': 0,
      'TDMSplit': False,
      'TailloopInNll': False,
      'TemporalHint': -1,
      'TemporalHintA': 0,
      'TemporalHintB': 0,
      'TemporalHintC': 0,
      'TemporalHintD': 0,
      'TemporalHintE': 0,
      'TemporalHintMXSA': 0,
      'TemporalHintMXSB': 0,
      'TemporalHintMetadata': 0,
      'TemporalHintWS': 0,
      'ThreadTile': list([
        4,
        4,
      ]),
      'TransposeLDS': -1,
      'TransposeLDSMetadata': -1,
      'UnrollLoopSwapGlobalReadOrder': 0,
      'Use64bShadowLimit': True,
      'Use64bShadowLimitMX': False,
      'UseCustomMainLoopSchedule': -1,
      'UseDualFMAC': False,
      'UseInstOffsetForGRO': 0,
      'UsePLRPack': 0,
      'UseSgprForGRO': -1,
      'UseSubtileImpl': False,
      'VectorStore': -1,
      'VectorWidthA': -1,
      'VectorWidthB': -1,
      'WaveSeparateGlobalReadA': 0,
      'WaveSeparateGlobalReadB': 0,
      'WaveSeparateGlobalReadMetadata': 0,
      'WaveSplitK': False,
      'WavefrontSize': -1,
      'WorkGroup': list([
        16,
        16,
        1,
      ]),
      'WorkGroupMapping': 8,
      'WorkGroupMappingXCC': 1,
      'WorkGroupMappingXCCGroup': -1,
      'WorkGroupReduction': False,
    }),
    'DeviceNames': list([
      'Device 0049',
    ]),
    'ExactLogic': list([
      list([
        list([
          1,
          1,
          1,
        ]),
        list([
          0,
          1.0,
        ]),
      ]),
    ]),
    'IndexOrder': list([
      0,
      1,
    ]),
    'Library': dict({
      'distance': 'GridBased',
      'indexOrder': list([
        0,
        1,
      ]),
      'table': list([
        list([
          list([
            1,
            1,
            1,
          ]),
          list([
            0,
            1.0,
          ]),
        ]),
      ]),
    }),
    'LibraryType': 'Matching',
    'MinimumRequiredVersion': '<VERSION>',
    'PerfMetric': 'perf-metric',
    'ProblemType': dict({
      'ActivationComputeDataType': 0,
      'ActivationType': 'none',
      'BiasDataTypeList': list([
        0,
      ]),
      'ComputeDataType': 0,
      'DataType': 4,
      'DataTypeA': 4,
      'DataTypeAmaxD': 0,
      'DataTypeB': 4,
      'DataTypeE': 0,
      'DestDataType': 0,
      'F32XdlMathOp': 0,
      'MacDataTypeA': 4,
      'MacDataTypeB': 4,
      'OperationType': 'GEMM',
    }),
    'RangeLogic': None,
    'ScheduleName': 'aquavanjaram',
    'Solutions': list([
      dict({
        'ISA': list([
          9,
          4,
          2,
        ]),
        'SolutionIndex': 0,
      }),
    ]),
    'TileSelectionIndices': None,
  })
# ---
# name: test_create_library_logic_str_arch
  dict({
    'ArchitectureName': 'gfx942',
    'CUCount': None,
    'DefaultSolution': dict({
      '1LDSBuffer': 0,
      'ActivationAlt': False,
      'ActivationFuncCall': True,
      'ActivationFused': True,
      'AdaptiveGemm': 0,
      'AdaptiveGemmGSUA': 0,
      'AdaptiveGemmNTAB': 0,
      'AssertAIGreaterThanEqual': -1,
      'AssertAILessThanEqual': -1,
      'AssertFree0ElementMultiple': 1,
      'AssertFree1ElementMultiple': 1,
      'AssertSummationElementMultiple': 1,
      'BufferLoad': True,
      'BufferStore': True,
      'ClusterDim': list([
        1,
        1,
      ]),
      'ClusterLocalRead': 1,
      'CompactLoopStore': False,
      'ConvertAfterDS': False,
      'CustomKernelName': '',
      'DebugPersistentKernelLoopForever': False,
      'DebugStreamK': 0,
      'DepthU': -1,
      'DirectToLds': 0,
      'DirectToLdsMetadata': 1,
      'DirectToVgprA': False,
      'DirectToVgprB': False,
      'DirectToVgprMXSA': False,
      'DirectToVgprMXSB': False,
      'DirectToVgprSparseMetadata': False,
      'DtlPlusLdsBuf': -1,
      'ExpandPointerSwap': True,
      'ExtraLatencyForLR': 0,
      'ExtraMiLatencyLeft': -1,
      'ForceDisableShadowInit': False,
      'GlobalReadPerMfma': 1.0,
      'GlobalReadVectorWidthA': -1,
      'GlobalReadVectorWidthB': -1,
      'GlobalSplitU': 1,
      'GlobalSplitUAlgorithm': 'MultipleBuffer',
      'GlobalSplitUCoalesced': False,
      'GlobalSplitUWorkGroupMappingRoundRobin': False,
      'GroupLoadStore': False,
      'HalfPLR': 0,
      'InitCIterWmma': -1,
      'InnerUnroll': 1,
      'InterleaveAlpha': 0,
      'KernelLanguage': 'Assembly',
      'LDSSegmentInterleave': 0,
      'LDSTrInst': False,
      'LdsBlockSizePerPadA': -1,
      'LdsBlockSizePerPadB': -1,
      'LdsBlockSizePerPadMXSA': -1,
      'LdsBlockSizePerPadMXSB': -1,
      'LdsBlockSizePerPadMetadata': -1,
      'LdsPadA': -1,
      'LdsPadB': -1,
      'LdsPadMXSA': -1,
      'LdsPadMXSB': -1,
      'LdsPadMetadata': -1,
      'LocalReadVectorWidth': -1,
      'LocalReadVectorWidthA': -1,
      'LocalReadVectorWidthB': -1,
      'LocalWritePerMfma': -1,
      'MIArchVgpr': False,
      'MXLoadInst': 'Auto',
      'MXScaleFormat': 'Auto',
      'MagicDivAlg': 2,
      'MatrixInstruction': list([
      ]),
      'MaxLDS': -1,
      'MaxOccupancy': 64,
      'MbskPrefetchMethod': -1,
      'MinGRIncPerMfma': -1,
      'NoReject': False,
      'NonTemporal': -1,
      'NonTemporalA': 0,
      'NonTemporalB': 0,
      'NonTemporalC': 0,
      'NonTemporalD': 0,
      'NonTemporalE': 0,
      'NonTemporalGate': 0,
      'NonTemporalMXSA': 0,
      'NonTemporalMXSB': 0,
      'NonTemporalMetadata': 0,
      'NonTemporalWS': 0,
      'NonVolatile': -1,
      'NonVolatileA': 0,
      'NonVolatileB': 0,
      'NonVolatileC': 0,
      'NonVolatileD': 0,
      'NonVolatileE': 0,
      'NonVolatileMXSA': 0,
      'NonVolatileMXSB': 0,
      'NonVolatileMetadata': 0,
      'NonVolatileWS': 0,
      'NumElementsPerBatchStore': 0,
      'NumLoadsCoalescedA': 1,
      'NumLoadsCoalescedB': 1,
      'OptNoLoadLoop': 1,
      'PrefetchAcrossPersistent': 0,
      'PrefetchGL2': 0,
      'PrefetchGlobalRead': 1,
      'PrefetchLocalRead': 1,
      'PreloadKernArgs': True,
      'ReuseAcrossPersistent': 0,
      'SFCWGM': list([
        list([
          1,
          1,
        ]),
        list([
          1,
          1,
        ]),
      ]),
      'ScheduleGROverBarrier': -1,
      'ScheduleGlobalRead': 1,
      'ScheduleIterAlg': 3,
      'ScheduleLocalWrite': 1,
      'SourceSwap': False,
      'SpaceFillingAlgo': list([
      ]),
      'StaggerU': 32,
      'StaggerUMapping': 0,
      'StaggerUStride': 256,
      'StorePriorityOpt': False,
      'StoreRemapVectorWidth': 0,
      'StoreSyncOpt': 0,
      'StoreVectorWidth': -1,
      'StreamK': 0,
      'StreamKAtomic': 0,
      'StreamKFixupTreeReduction': 0,
      'StreamKForceDPOnly': 0,
      'StreamKWorkStealing': 0,
      'StreamKXCCMapping': 0,
      'SuppressNoLoadLoop': False,
      'SwInstructionPrefetch': 1,
      'SwapGlobalReadOrder': 0,
      'TDMInst': 0,
      'TDMIterateMode': 0,
      'TDMLoadWaveSync': False,
      'TDMPlusLdsBuf': 0,
      'TDMSplit': False,
      'TailloopInNll': False,
      'TemporalHint': -1,
      'TemporalHintA': 0,
      'TemporalHintB': 0,
      'TemporalHintC': 0,
      'TemporalHintD': 0,
      'TemporalHintE': 0,
      'TemporalHintMXSA': 0,
      'TemporalHintMXSB': 0,
      'TemporalHintMetadata': 0,
      'TemporalHintWS': 0,
      'ThreadTile': list([
        4,
        4,
      ]),
      'TransposeLDS': -1,
      'TransposeLDSMetadata': -1,
      'UnrollLoopSwapGlobalReadOrder': 0,
      'Use64bShadowLimit': True,
      'Use64bShadowLimitMX': False,
      'UseCustomMainLoopSchedule': -1,
      'UseDualFMAC': False,
      'UseInstOffsetForGRO': 0,
      'UsePLRPack': 0,
      'UseSgprForGRO': -1,
      'UseSubtileImpl': False,
      'VectorStore': -1,
      'VectorWidthA': -1,
      'VectorWidthB': -1,
      'WaveSeparateGlobalReadA': 0,
      'WaveSeparateGlobalReadB': 0,
      'WaveSeparateGlobalReadMetadata': 0,
      'WaveSplitK': False,
      'WavefrontSize': -1,
      'WorkGroup': list([
        16,
        16,
        1,
      ]),
      'WorkGroupMapping': 8,
      'WorkGroupMappingXCC': 1,
      'WorkGroupMappingXCCGroup': -1,
      'WorkGroupReduction': False,
    }),
    'DeviceNames': list([
      'Device 0049',
    ]),
    'ExactLogic': list([
      list([
        list([
          1,
          1,
          1,
        ]),
        list([
          0,
          1.0,
        ]),
      ]),
    ]),
    'IndexOrder': list([
      0,
      1,
    ]),
    'LibraryType': 'Matching',
    'MinimumRequiredVersion': '<VERSION>',
    'PerfMetric': 'perf-metric',
    'ProblemType': dict({
      'ActivationComputeDataType': 0,
      'ActivationType': 'none',
      'BiasDataTypeList': list([
        0,
      ]),
      'ComputeDataType': 0,
      'DataType': 4,
      'DataTypeA': 4,
      'DataTypeAmaxD': 0,
      'DataTypeB': 4,
      'DataTypeE': 0,
      'DestDataType': 0,
      'F32XdlMathOp': 0,
      'MacDataTypeA': 4,
      'MacDataTypeB': 4,
      'OperationType': 'GEMM',
    }),
    'RangeLogic': None,
    'ScheduleName': 'aquavanjaram',
    'Solutions': list([
      dict({
        'ISA': list([
          9,
          4,
          2,
        ]),
        'SolutionIndex': 0,
      }),
    ]),
    'TileSelectionIndices': None,
  })
# ---
# name: test_create_library_logic_tile_selection
  dict({
    'ArchitectureName': 'gfx90a',
    'CUCount': None,
    'DefaultSolution': dict({
      '1LDSBuffer': 0,
      'ActivationAlt': False,
      'ActivationFuncCall': True,
      'ActivationFused': True,
      'AdaptiveGemm': 0,
      'AdaptiveGemmGSUA': 0,
      'AdaptiveGemmNTAB': 0,
      'AssertAIGreaterThanEqual': -1,
      'AssertAILessThanEqual': -1,
      'AssertFree0ElementMultiple': 1,
      'AssertFree1ElementMultiple': 1,
      'AssertSummationElementMultiple': 1,
      'BufferLoad': True,
      'BufferStore': True,
      'ClusterDim': list([
        1,
        1,
      ]),
      'ClusterLocalRead': 1,
      'CompactLoopStore': False,
      'ConvertAfterDS': False,
      'CustomKernelName': '',
      'DebugPersistentKernelLoopForever': False,
      'DebugStreamK': 0,
      'DepthU': -1,
      'DirectToLds': 0,
      'DirectToLdsMetadata': 1,
      'DirectToVgprA': False,
      'DirectToVgprB': False,
      'DirectToVgprMXSA': False,
      'DirectToVgprMXSB': False,
      'DirectToVgprSparseMetadata': False,
      'DtlPlusLdsBuf': -1,
      'ExpandPointerSwap': True,
      'ExtraLatencyForLR': 0,
      'ExtraMiLatencyLeft': -1,
      'ForceDisableShadowInit': False,
      'GlobalReadPerMfma': 1.0,
      'GlobalReadVectorWidthA': -1,
      'GlobalReadVectorWidthB': -1,
      'GlobalSplitU': 1,
      'GlobalSplitUAlgorithm': 'MultipleBuffer',
      'GlobalSplitUCoalesced': False,
      'GlobalSplitUWorkGroupMappingRoundRobin': False,
      'GroupLoadStore': False,
      'HalfPLR': 0,
      'InitCIterWmma': -1,
      'InnerUnroll': 1,
      'InterleaveAlpha': 0,
      'KernelLanguage': 'Assembly',
      'LDSSegmentInterleave': 0,
      'LDSTrInst': False,
      'LdsBlockSizePerPadA': -1,
      'LdsBlockSizePerPadB': -1,
      'LdsBlockSizePerPadMXSA': -1,
      'LdsBlockSizePerPadMXSB': -1,
      'LdsBlockSizePerPadMetadata': -1,
      'LdsPadA': -1,
      'LdsPadB': -1,
      'LdsPadMXSA': -1,
      'LdsPadMXSB': -1,
      'LdsPadMetadata': -1,
      'LocalReadVectorWidth': -1,
      'LocalReadVectorWidthA': -1,
      'LocalReadVectorWidthB': -1,
      'LocalWritePerMfma': -1,
      'MIArchVgpr': False,
      'MXLoadInst': 'Auto',
      'MXScaleFormat': 'Auto',
      'MagicDivAlg': 2,
      'MatrixInstruction': list([
      ]),
      'MaxLDS': -1,
      'MaxOccupancy': 64,
      'MbskPrefetchMethod': -1,
      'MinGRIncPerMfma': -1,
      'NoReject': False,
      'NonTemporal': -1,
      'NonTemporalA': 0,
      'NonTemporalB': 0,
      'NonTemporalC': 0,
      'NonTemporalD': 0,
      'NonTemporalE': 0,
      'NonTemporalGate': 0,
      'NonTemporalMXSA': 0,
      'NonTemporalMXSB': 0,
      'NonTemporalMetadata': 0,
      'NonTemporalWS': 0,
      'NonVolatile': -1,
      'NonVolatileA': 0,
      'NonVolatileB': 0,
      'NonVolatileC': 0,
      'NonVolatileD': 0,
      'NonVolatileE': 0,
      'NonVolatileMXSA': 0,
      'NonVolatileMXSB': 0,
      'NonVolatileMetadata': 0,
      'NonVolatileWS': 0,
      'NumElementsPerBatchStore': 0,
      'NumLoadsCoalescedA': 1,
      'NumLoadsCoalescedB': 1,
      'OptNoLoadLoop': 1,
      'PrefetchAcrossPersistent': 0,
      'PrefetchGL2': 0,
      'PrefetchGlobalRead': 1,
      'PrefetchLocalRead': 1,
      'PreloadKernArgs': True,
      'ReuseAcrossPersistent': 0,
      'SFCWGM': list([
        list([
          1,
          1,
        ]),
        list([
          1,
          1,
        ]),
      ]),
      'ScheduleGROverBarrier': -1,
      'ScheduleGlobalRead': 1,
      'ScheduleIterAlg': 3,
      'ScheduleLocalWrite': 1,
      'SourceSwap': False,
      'SpaceFillingAlgo': list([
      ]),
      'StaggerU': 32,
      'StaggerUMapping': 0,
      'StaggerUStride': 256,
      'StorePriorityOpt': False,
      'StoreRemapVectorWidth': 0,
      'StoreSyncOpt': 0,
      'StoreVectorWidth': -1,
      'StreamK': 0,
      'StreamKAtomic': 0,
      'StreamKFixupTreeReduction': 0,
      'StreamKForceDPOnly': 0,
      'StreamKWorkStealing': 0,
      'StreamKXCCMapping': 0,
      'SuppressNoLoadLoop': False,
      'SwInstructionPrefetch': 1,
      'SwapGlobalReadOrder': 0,
      'TDMInst': 0,
      'TDMIterateMode': 0,
      'TDMLoadWaveSync': False,
      'TDMPlusLdsBuf': 0,
      'TDMSplit': False,
      'TailloopInNll': False,
      'TemporalHint': -1,
      'TemporalHintA': 0,
      'TemporalHintB': 0,
      'TemporalHintC': 0,
      'TemporalHintD': 0,
      'TemporalHintE': 0,
      'TemporalHintMXSA': 0,
      'TemporalHintMXSB': 0,
      'TemporalHintMetadata': 0,
      'TemporalHintWS': 0,
      'ThreadTile': list([
        4,
        4,
      ]),
      'TransposeLDS': -1,
      'TransposeLDSMetadata': -1,
      'UnrollLoopSwapGlobalReadOrder': 0,
      'Use64bShadowLimit': True,
      'Use64bShadowLimitMX': False,
      'UseCustomMainLoopSchedule': -1,
      'UseDualFMAC': False,
      'UseInstOffsetForGRO': 0,
      'UsePLRPack': 0,
      'UseSgprForGRO': -1,
      'UseSubtileImpl': False,
      'VectorStore': -1,
      'VectorWidthA': -1,
      'VectorWidthB': -1,
      'WaveSeparateGlobalReadA': 0,
      'WaveSeparateGlobalReadB': 0,
      'WaveSeparateGlobalReadMetadata': 0,
      'WaveSplitK': False,
      'WavefrontSize': -1,
      'WorkGroup': list([
        16,
        16,
        1,
      ]),
      'WorkGroupMapping': 8,
      'WorkGroupMappingXCC': 1,
      'WorkGroupMappingXCCGroup': -1,
      'WorkGroupReduction': False,
    }),
    'DeviceNames': list([
      'Device 0049',
    ]),
    'ExactLogic': list([
      list([
        list([
          1,
          1,
          1,
        ]),
        list([
          0,
          1.0,
        ]),
      ]),
    ]),
    'IndexOrder': list([
      0,
      1,
    ]),
    'LibraryType': 'Matching',
    'MinimumRequiredVersion': '<VERSION>',
    'PerfMetric': 'perf-metric',
    'ProblemType': dict({
      'ActivationComputeDataType': 0,
      'ActivationType': 'none',
      'BiasDataTypeList': list([
        0,
      ]),
      'ComputeDataType': 0,
      'DataType': 4,
      'DataTypeA': 4,
      'DataTypeAmaxD': 0,
      'DataTypeB': 4,
      'DataTypeE': 0,
      'DestDataType': 0,
      'F32XdlMathOp': 0,
      'MacDataTypeA': 4,
      'MacDataTypeB': 4,
      'OperationType': 'GEMM',
    }),
    'RangeLogic': None,
    'ScheduleName': 'aquavanjaram',
    'Solutions': list([
      dict({
        'ISA': list([
          9,
          4,
          2,
        ]),
        'SolutionIndex': 0,
      }),
      dict({
        'ISA': tuple(
          9,
          4,
          2,
          'truncated',
        ),
        'SolutionIndex': 1,
      }),
    ]),
    'TileSelectionIndices': dict({
      'TileSelectionIndices': list([
        3,
        4,
      ]),
    }),
  })
# ---
# name: test_create_library_logic_with_metadata
  dict({
    'ArchitectureName': 'gfx950',
    'CUCount': None,
    'DefaultSolution': dict({
      '1LDSBuffer': 0,
      'ActivationAlt': False,
      'ActivationFuncCall': True,
      'ActivationFused': True,
      'AdaptiveGemm': 0,
      'AdaptiveGemmGSUA': 0,
      'AdaptiveGemmNTAB': 0,
      'AssertAIGreaterThanEqual': -1,
      'AssertAILessThanEqual': -1,
      'AssertFree0ElementMultiple': 1,
      'AssertFree1ElementMultiple': 1,
      'AssertSummationElementMultiple': 1,
      'BufferLoad': True,
      'BufferStore': True,
      'ClusterDim': list([
        1,
        1,
      ]),
      'ClusterLocalRead': 1,
      'CompactLoopStore': False,
      'ConvertAfterDS': False,
      'CustomKernelName': '',
      'DebugPersistentKernelLoopForever': False,
      'DebugStreamK': 0,
      'DepthU': -1,
      'DirectToLds': 0,
      'DirectToLdsMetadata': 1,
      'DirectToVgprA': False,
      'DirectToVgprB': False,
      'DirectToVgprMXSA': False,
      'DirectToVgprMXSB': False,
      'DirectToVgprSparseMetadata': False,
      'DtlPlusLdsBuf': -1,
      'ExpandPointerSwap': True,
      'ExtraLatencyForLR': 0,
      'ExtraMiLatencyLeft': -1,
      'ForceDisableShadowInit': False,
      'GlobalReadPerMfma': 1.0,
      'GlobalReadVectorWidthA': -1,
      'GlobalReadVectorWidthB': -1,
      'GlobalSplitU': 1,
      'GlobalSplitUAlgorithm': 'MultipleBuffer',
      'GlobalSplitUCoalesced': False,
      'GlobalSplitUWorkGroupMappingRoundRobin': False,
      'GroupLoadStore': False,
      'HalfPLR': 0,
      'InitCIterWmma': -1,
      'InnerUnroll': 1,
      'InterleaveAlpha': 0,
      'KernelLanguage': 'Assembly',
      'LDSSegmentInterleave': 0,
      'LDSTrInst': False,
      'LdsBlockSizePerPadA': -1,
      'LdsBlockSizePerPadB': -1,
      'LdsBlockSizePerPadMXSA': -1,
      'LdsBlockSizePerPadMXSB': -1,
      'LdsBlockSizePerPadMetadata': -1,
      'LdsPadA': -1,
      'LdsPadB': -1,
      'LdsPadMXSA': -1,
      'LdsPadMXSB': -1,
      'LdsPadMetadata': -1,
      'LocalReadVectorWidth': -1,
      'LocalReadVectorWidthA': -1,
      'LocalReadVectorWidthB': -1,
      'LocalWritePerMfma': -1,
      'MIArchVgpr': False,
      'MXLoadInst': 'Auto',
      'MXScaleFormat': 'Auto',
      'MagicDivAlg': 2,
      'MatrixInstruction': list([
      ]),
      'MaxLDS': -1,
      'MaxOccupancy': 64,
      'MbskPrefetchMethod': -1,
      'MinGRIncPerMfma': -1,
      'NoReject': False,
      'NonTemporal': -1,
      'NonTemporalA': 0,
      'NonTemporalB': 0,
      'NonTemporalC': 0,
      'NonTemporalD': 0,
      'NonTemporalE': 0,
      'NonTemporalGate': 0,
      'NonTemporalMXSA': 0,
      'NonTemporalMXSB': 0,
      'NonTemporalMetadata': 0,
      'NonTemporalWS': 0,
      'NonVolatile': -1,
      'NonVolatileA': 0,
      'NonVolatileB': 0,
      'NonVolatileC': 0,
      'NonVolatileD': 0,
      'NonVolatileE': 0,
      'NonVolatileMXSA': 0,
      'NonVolatileMXSB': 0,
      'NonVolatileMetadata': 0,
      'NonVolatileWS': 0,
      'NumElementsPerBatchStore': 0,
      'NumLoadsCoalescedA': 1,
      'NumLoadsCoalescedB': 1,
      'OptNoLoadLoop': 1,
      'PrefetchAcrossPersistent': 0,
      'PrefetchGL2': 0,
      'PrefetchGlobalRead': 1,
      'PrefetchLocalRead': 1,
      'PreloadKernArgs': True,
      'ReuseAcrossPersistent': 0,
      'SFCWGM': list([
        list([
          1,
          1,
        ]),
        list([
          1,
          1,
        ]),
      ]),
      'ScheduleGROverBarrier': -1,
      'ScheduleGlobalRead': 1,
      'ScheduleIterAlg': 3,
      'ScheduleLocalWrite': 1,
      'SourceSwap': False,
      'SpaceFillingAlgo': list([
      ]),
      'StaggerU': 32,
      'StaggerUMapping': 0,
      'StaggerUStride': 256,
      'StorePriorityOpt': False,
      'StoreRemapVectorWidth': 0,
      'StoreSyncOpt': 0,
      'StoreVectorWidth': -1,
      'StreamK': 0,
      'StreamKAtomic': 0,
      'StreamKFixupTreeReduction': 0,
      'StreamKForceDPOnly': 0,
      'StreamKWorkStealing': 0,
      'StreamKXCCMapping': 0,
      'SuppressNoLoadLoop': False,
      'SwInstructionPrefetch': 1,
      'SwapGlobalReadOrder': 0,
      'TDMInst': 0,
      'TDMIterateMode': 0,
      'TDMLoadWaveSync': False,
      'TDMPlusLdsBuf': 0,
      'TDMSplit': False,
      'TailloopInNll': False,
      'TemporalHint': -1,
      'TemporalHintA': 0,
      'TemporalHintB': 0,
      'TemporalHintC': 0,
      'TemporalHintD': 0,
      'TemporalHintE': 0,
      'TemporalHintMXSA': 0,
      'TemporalHintMXSB': 0,
      'TemporalHintMetadata': 0,
      'TemporalHintWS': 0,
      'ThreadTile': list([
        4,
        4,
      ]),
      'TransposeLDS': -1,
      'TransposeLDSMetadata': -1,
      'UnrollLoopSwapGlobalReadOrder': 0,
      'Use64bShadowLimit': True,
      'Use64bShadowLimitMX': False,
      'UseCustomMainLoopSchedule': -1,
      'UseDualFMAC': False,
      'UseInstOffsetForGRO': 0,
      'UsePLRPack': 0,
      'UseSgprForGRO': -1,
      'UseSubtileImpl': False,
      'VectorStore': -1,
      'VectorWidthA': -1,
      'VectorWidthB': -1,
      'WaveSeparateGlobalReadA': 0,
      'WaveSeparateGlobalReadB': 0,
      'WaveSeparateGlobalReadMetadata': 0,
      'WaveSplitK': False,
      'WavefrontSize': -1,
      'WorkGroup': list([
        16,
        16,
        1,
      ]),
      'WorkGroupMapping': 8,
      'WorkGroupMappingXCC': 1,
      'WorkGroupMappingXCCGroup': -1,
      'WorkGroupReduction': False,
    }),
    'DeviceNames': list([
      'Device 0049',
    ]),
    'ExactLogic': list([
      list([
        list([
          1,
          1,
          1,
        ]),
        list([
          0,
          1.0,
        ]),
      ]),
    ]),
    'IndexOrder': list([
      0,
      1,
    ]),
    'LibraryType': 'Matching',
    'MinimumRequiredVersion': '<VERSION>',
    'PerfMetric': 'perf-metric',
    'ProblemType': dict({
      'ActivationComputeDataType': 0,
      'ActivationType': 'none',
      'BiasDataTypeList': list([
        0,
      ]),
      'ComputeDataType': 0,
      'DataType': 4,
      'DataTypeA': 4,
      'DataTypeAmaxD': 0,
      'DataTypeB': 4,
      'DataTypeE': 0,
      'DataTypeMXSA': 8,
      'DataTypeMXSB': 9,
      'DataTypeMetadata': 7,
      'DestDataType': 0,
      'F32XdlMathOp': 0,
      'MacDataTypeA': 4,
      'MacDataTypeB': 4,
      'OperationType': 'GEMM',
    }),
    'RangeLogic': None,
    'ScheduleName': 'aquavanjaram',
    'Solutions': list([
      dict({
        'ISA': list([
          9,
          4,
          2,
        ]),
        'SolutionIndex': 0,
      }),
    ]),
    'TileSelectionIndices': None,
  })
# ---
# name: test_parse_logic_list_arch_dict
  dict({
    'ArchitectureName': 'gfx942',
    'CUCount': 228,
    'DefaultSolution': dict({
      '1LDSBuffer': 0,
      'ActivationAlt': False,
      'ActivationFuncCall': True,
      'ActivationFused': True,
      'AdaptiveGemm': 0,
      'AdaptiveGemmGSUA': 0,
      'AdaptiveGemmNTAB': 0,
      'AssertAIGreaterThanEqual': -1,
      'AssertAILessThanEqual': -1,
      'AssertFree0ElementMultiple': 1,
      'AssertFree1ElementMultiple': 1,
      'AssertSummationElementMultiple': 1,
      'BufferLoad': True,
      'BufferStore': True,
      'ClusterDim': list([
        1,
        1,
      ]),
      'ClusterLocalRead': 1,
      'CompactLoopStore': False,
      'ConvertAfterDS': False,
      'CustomKernelName': '',
      'DebugPersistentKernelLoopForever': False,
      'DebugStreamK': 0,
      'DepthU': -1,
      'DirectToLds': 0,
      'DirectToLdsMetadata': 1,
      'DirectToVgprA': False,
      'DirectToVgprB': False,
      'DirectToVgprMXSA': False,
      'DirectToVgprMXSB': False,
      'DirectToVgprSparseMetadata': False,
      'DtlPlusLdsBuf': -1,
      'ExpandPointerSwap': True,
      'ExtraLatencyForLR': 0,
      'ExtraMiLatencyLeft': -1,
      'ForceDisableShadowInit': False,
      'GlobalReadPerMfma': 1.0,
      'GlobalReadVectorWidthA': -1,
      'GlobalReadVectorWidthB': -1,
      'GlobalSplitU': 1,
      'GlobalSplitUAlgorithm': 'MultipleBuffer',
      'GlobalSplitUCoalesced': False,
      'GlobalSplitUWorkGroupMappingRoundRobin': False,
      'GroupLoadStore': False,
      'HalfPLR': 0,
      'InitCIterWmma': -1,
      'InnerUnroll': 1,
      'InterleaveAlpha': 0,
      'KernelLanguage': 'Assembly',
      'LDSSegmentInterleave': 0,
      'LDSTrInst': False,
      'LdsBlockSizePerPadA': -1,
      'LdsBlockSizePerPadB': -1,
      'LdsBlockSizePerPadMXSA': -1,
      'LdsBlockSizePerPadMXSB': -1,
      'LdsBlockSizePerPadMetadata': -1,
      'LdsPadA': -1,
      'LdsPadB': -1,
      'LdsPadMXSA': -1,
      'LdsPadMXSB': -1,
      'LdsPadMetadata': -1,
      'LocalReadVectorWidth': -1,
      'LocalReadVectorWidthA': -1,
      'LocalReadVectorWidthB': -1,
      'LocalWritePerMfma': -1,
      'MIArchVgpr': False,
      'MXLoadInst': 'Auto',
      'MXScaleFormat': 'Auto',
      'MagicDivAlg': 2,
      'MatrixInstruction': list([
      ]),
      'MaxLDS': -1,
      'MaxOccupancy': 64,
      'MbskPrefetchMethod': -1,
      'MinGRIncPerMfma': -1,
      'NoReject': False,
      'NonTemporal': -1,
      'NonTemporalA': 0,
      'NonTemporalB': 0,
      'NonTemporalC': 0,
      'NonTemporalD': 0,
      'NonTemporalE': 0,
      'NonTemporalGate': 0,
      'NonTemporalMXSA': 0,
      'NonTemporalMXSB': 0,
      'NonTemporalMetadata': 0,
      'NonTemporalWS': 0,
      'NonVolatile': -1,
      'NonVolatileA': 0,
      'NonVolatileB': 0,
      'NonVolatileC': 0,
      'NonVolatileD': 0,
      'NonVolatileE': 0,
      'NonVolatileMXSA': 0,
      'NonVolatileMXSB': 0,
      'NonVolatileMetadata': 0,
      'NonVolatileWS': 0,
      'NumElementsPerBatchStore': 0,
      'NumLoadsCoalescedA': 1,
      'NumLoadsCoalescedB': 1,
      'OptNoLoadLoop': 1,
      'PrefetchAcrossPersistent': 0,
      'PrefetchGL2': 0,
      'PrefetchGlobalRead': 1,
      'PrefetchLocalRead': 1,
      'PreloadKernArgs': True,
      'ReuseAcrossPersistent': 0,
      'SFCWGM': list([
        list([
          1,
          1,
        ]),
        list([
          1,
          1,
        ]),
      ]),
      'ScheduleGROverBarrier': -1,
      'ScheduleGlobalRead': 1,
      'ScheduleIterAlg': 3,
      'ScheduleLocalWrite': 1,
      'SourceSwap': False,
      'SpaceFillingAlgo': list([
      ]),
      'StaggerU': 32,
      'StaggerUMapping': 0,
      'StaggerUStride': 256,
      'StorePriorityOpt': False,
      'StoreRemapVectorWidth': 0,
      'StoreSyncOpt': 0,
      'StoreVectorWidth': -1,
      'StreamK': 0,
      'StreamKAtomic': 0,
      'StreamKFixupTreeReduction': 0,
      'StreamKForceDPOnly': 0,
      'StreamKWorkStealing': 0,
      'StreamKXCCMapping': 0,
      'SuppressNoLoadLoop': False,
      'SwInstructionPrefetch': 1,
      'SwapGlobalReadOrder': 0,
      'TDMInst': 0,
      'TDMIterateMode': 0,
      'TDMLoadWaveSync': False,
      'TDMPlusLdsBuf': 0,
      'TDMSplit': False,
      'TailloopInNll': False,
      'TemporalHint': -1,
      'TemporalHintA': 0,
      'TemporalHintB': 0,
      'TemporalHintC': 0,
      'TemporalHintD': 0,
      'TemporalHintE': 0,
      'TemporalHintMXSA': 0,
      'TemporalHintMXSB': 0,
      'TemporalHintMetadata': 0,
      'TemporalHintWS': 0,
      'ThreadTile': list([
        4,
        4,
      ]),
      'TransposeLDS': -1,
      'TransposeLDSMetadata': -1,
      'UnrollLoopSwapGlobalReadOrder': 0,
      'Use64bShadowLimit': True,
      'Use64bShadowLimitMX': False,
      'UseCustomMainLoopSchedule': -1,
      'UseDualFMAC': False,
      'UseInstOffsetForGRO': 0,
      'UsePLRPack': 0,
      'UseSgprForGRO': -1,
      'UseSubtileImpl': False,
      'VectorStore': -1,
      'VectorWidthA': -1,
      'VectorWidthB': -1,
      'WaveSeparateGlobalReadA': 0,
      'WaveSeparateGlobalReadB': 0,
      'WaveSeparateGlobalReadMetadata': 0,
      'WaveSplitK': False,
      'WavefrontSize': -1,
      'WorkGroup': list([
        16,
        16,
        1,
      ]),
      'WorkGroupMapping': 8,
      'WorkGroupMappingXCC': 1,
      'WorkGroupMappingXCCGroup': -1,
      'WorkGroupReduction': False,
    }),
    'DeviceNames': list([
      'Device 0049',
    ]),
    'ExactLogic': list([
      list([
        list([
          1,
          1,
          1,
        ]),
        list([
          0,
          1.0,
        ]),
      ]),
    ]),
    'IndexOrder': list([
      0,
      1,
    ]),
    'Library': dict({
      'distance': 'Matching',
      'indexOrder': list([
        0,
        1,
      ]),
      'table': list([
        list([
          list([
            1,
            1,
            1,
          ]),
          list([
            0,
            1.0,
          ]),
        ]),
      ]),
    }),
    'LibraryType': 'Matching',
    'MinimumRequiredVersion': '<VERSION>',
    'PerfMetric': 'perf-metric',
    'ProblemType': dict({
      'OperationType': 'GEMM',
    }),
    'RangeLogic': None,
    'ScheduleName': 'aquavanjaram',
    'Solutions': list([
      dict({
        'SolutionIndex': 0,
      }),
      dict({
        'SolutionIndex': 1,
      }),
    ]),
    'TileSelectionIndices': None,
  })
# ---
# name: test_parse_logic_list_freesize
  dict({
    'ArchitectureName': 'gfx942',
    'CUCount': None,
    'DefaultSolution': dict({
      '1LDSBuffer': 0,
      'ActivationAlt': False,
      'ActivationFuncCall': True,
      'ActivationFused': True,
      'AdaptiveGemm': 0,
      'AdaptiveGemmGSUA': 0,
      'AdaptiveGemmNTAB': 0,
      'AssertAIGreaterThanEqual': -1,
      'AssertAILessThanEqual': -1,
      'AssertFree0ElementMultiple': 1,
      'AssertFree1ElementMultiple': 1,
      'AssertSummationElementMultiple': 1,
      'BufferLoad': True,
      'BufferStore': True,
      'ClusterDim': list([
        1,
        1,
      ]),
      'ClusterLocalRead': 1,
      'CompactLoopStore': False,
      'ConvertAfterDS': False,
      'CustomKernelName': '',
      'DebugPersistentKernelLoopForever': False,
      'DebugStreamK': 0,
      'DepthU': -1,
      'DirectToLds': 0,
      'DirectToLdsMetadata': 1,
      'DirectToVgprA': False,
      'DirectToVgprB': False,
      'DirectToVgprMXSA': False,
      'DirectToVgprMXSB': False,
      'DirectToVgprSparseMetadata': False,
      'DtlPlusLdsBuf': -1,
      'ExpandPointerSwap': True,
      'ExtraLatencyForLR': 0,
      'ExtraMiLatencyLeft': -1,
      'ForceDisableShadowInit': False,
      'GlobalReadPerMfma': 1.0,
      'GlobalReadVectorWidthA': -1,
      'GlobalReadVectorWidthB': -1,
      'GlobalSplitU': 1,
      'GlobalSplitUAlgorithm': 'MultipleBuffer',
      'GlobalSplitUCoalesced': False,
      'GlobalSplitUWorkGroupMappingRoundRobin': False,
      'GroupLoadStore': False,
      'HalfPLR': 0,
      'InitCIterWmma': -1,
      'InnerUnroll': 1,
      'InterleaveAlpha': 0,
      'KernelLanguage': 'Assembly',
      'LDSSegmentInterleave': 0,
      'LDSTrInst': False,
      'LdsBlockSizePerPadA': -1,
      'LdsBlockSizePerPadB': -1,
      'LdsBlockSizePerPadMXSA': -1,
      'LdsBlockSizePerPadMXSB': -1,
      'LdsBlockSizePerPadMetadata': -1,
      'LdsPadA': -1,
      'LdsPadB': -1,
      'LdsPadMXSA': -1,
      'LdsPadMXSB': -1,
      'LdsPadMetadata': -1,
      'LocalReadVectorWidth': -1,
      'LocalReadVectorWidthA': -1,
      'LocalReadVectorWidthB': -1,
      'LocalWritePerMfma': -1,
      'MIArchVgpr': False,
      'MXLoadInst': 'Auto',
      'MXScaleFormat': 'Auto',
      'MagicDivAlg': 2,
      'MatrixInstruction': list([
      ]),
      'MaxLDS': -1,
      'MaxOccupancy': 64,
      'MbskPrefetchMethod': -1,
      'MinGRIncPerMfma': -1,
      'NoReject': False,
      'NonTemporal': -1,
      'NonTemporalA': 0,
      'NonTemporalB': 0,
      'NonTemporalC': 0,
      'NonTemporalD': 0,
      'NonTemporalE': 0,
      'NonTemporalGate': 0,
      'NonTemporalMXSA': 0,
      'NonTemporalMXSB': 0,
      'NonTemporalMetadata': 0,
      'NonTemporalWS': 0,
      'NonVolatile': -1,
      'NonVolatileA': 0,
      'NonVolatileB': 0,
      'NonVolatileC': 0,
      'NonVolatileD': 0,
      'NonVolatileE': 0,
      'NonVolatileMXSA': 0,
      'NonVolatileMXSB': 0,
      'NonVolatileMetadata': 0,
      'NonVolatileWS': 0,
      'NumElementsPerBatchStore': 0,
      'NumLoadsCoalescedA': 1,
      'NumLoadsCoalescedB': 1,
      'OptNoLoadLoop': 1,
      'PrefetchAcrossPersistent': 0,
      'PrefetchGL2': 0,
      'PrefetchGlobalRead': 1,
      'PrefetchLocalRead': 1,
      'PreloadKernArgs': True,
      'ReuseAcrossPersistent': 0,
      'SFCWGM': list([
        list([
          1,
          1,
        ]),
        list([
          1,
          1,
        ]),
      ]),
      'ScheduleGROverBarrier': -1,
      'ScheduleGlobalRead': 1,
      'ScheduleIterAlg': 3,
      'ScheduleLocalWrite': 1,
      'SourceSwap': False,
      'SpaceFillingAlgo': list([
      ]),
      'StaggerU': 32,
      'StaggerUMapping': 0,
      'StaggerUStride': 256,
      'StorePriorityOpt': False,
      'StoreRemapVectorWidth': 0,
      'StoreSyncOpt': 0,
      'StoreVectorWidth': -1,
      'StreamK': 0,
      'StreamKAtomic': 0,
      'StreamKFixupTreeReduction': 0,
      'StreamKForceDPOnly': 0,
      'StreamKWorkStealing': 0,
      'StreamKXCCMapping': 0,
      'SuppressNoLoadLoop': False,
      'SwInstructionPrefetch': 1,
      'SwapGlobalReadOrder': 0,
      'TDMInst': 0,
      'TDMIterateMode': 0,
      'TDMLoadWaveSync': False,
      'TDMPlusLdsBuf': 0,
      'TDMSplit': False,
      'TailloopInNll': False,
      'TemporalHint': -1,
      'TemporalHintA': 0,
      'TemporalHintB': 0,
      'TemporalHintC': 0,
      'TemporalHintD': 0,
      'TemporalHintE': 0,
      'TemporalHintMXSA': 0,
      'TemporalHintMXSB': 0,
      'TemporalHintMetadata': 0,
      'TemporalHintWS': 0,
      'ThreadTile': list([
        4,
        4,
      ]),
      'TransposeLDS': -1,
      'TransposeLDSMetadata': -1,
      'UnrollLoopSwapGlobalReadOrder': 0,
      'Use64bShadowLimit': True,
      'Use64bShadowLimitMX': False,
      'UseCustomMainLoopSchedule': -1,
      'UseDualFMAC': False,
      'UseInstOffsetForGRO': 0,
      'UsePLRPack': 0,
      'UseSgprForGRO': -1,
      'UseSubtileImpl': False,
      'VectorStore': -1,
      'VectorWidthA': -1,
      'VectorWidthB': -1,
      'WaveSeparateGlobalReadA': 0,
      'WaveSeparateGlobalReadB': 0,
      'WaveSeparateGlobalReadMetadata': 0,
      'WaveSplitK': False,
      'WavefrontSize': -1,
      'WorkGroup': list([
        16,
        16,
        1,
      ]),
      'WorkGroupMapping': 8,
      'WorkGroupMappingXCC': 1,
      'WorkGroupMappingXCCGroup': -1,
      'WorkGroupReduction': False,
    }),
    'DeviceNames': list([
      'Device 0049',
    ]),
    'ExactLogic': list([
      list([
        list([
          1,
          1,
          1,
        ]),
        list([
          0,
          1.0,
        ]),
      ]),
    ]),
    'IndexOrder': list([
      0,
      1,
    ]),
    'Library': dict({
      'distance': None,
      'indexOrder': None,
      'table': list([
        0,
        2,
      ]),
    }),
    'LibraryType': 'FreeSize',
    'MinimumRequiredVersion': '<VERSION>',
    'PerfMetric': 'perf-metric',
    'ProblemType': dict({
      'OperationType': 'GEMM',
    }),
    'RangeLogic': None,
    'ScheduleName': 'aquavanjaram',
    'Solutions': list([
      dict({
        'SolutionIndex': 0,
      }),
      dict({
        'SolutionIndex': 1,
      }),
    ]),
    'TileSelectionIndices': None,
  })
# ---
# name: test_parse_logic_list_matching
  dict({
    'ArchitectureName': 'gfx942',
    'CUCount': None,
    'DefaultSolution': dict({
      '1LDSBuffer': 0,
      'ActivationAlt': False,
      'ActivationFuncCall': True,
      'ActivationFused': True,
      'AdaptiveGemm': 0,
      'AdaptiveGemmGSUA': 0,
      'AdaptiveGemmNTAB': 0,
      'AssertAIGreaterThanEqual': -1,
      'AssertAILessThanEqual': -1,
      'AssertFree0ElementMultiple': 1,
      'AssertFree1ElementMultiple': 1,
      'AssertSummationElementMultiple': 1,
      'BufferLoad': True,
      'BufferStore': True,
      'ClusterDim': list([
        1,
        1,
      ]),
      'ClusterLocalRead': 1,
      'CompactLoopStore': False,
      'ConvertAfterDS': False,
      'CustomKernelName': '',
      'DebugPersistentKernelLoopForever': False,
      'DebugStreamK': 0,
      'DepthU': -1,
      'DirectToLds': 0,
      'DirectToLdsMetadata': 1,
      'DirectToVgprA': False,
      'DirectToVgprB': False,
      'DirectToVgprMXSA': False,
      'DirectToVgprMXSB': False,
      'DirectToVgprSparseMetadata': False,
      'DtlPlusLdsBuf': -1,
      'ExpandPointerSwap': True,
      'ExtraLatencyForLR': 0,
      'ExtraMiLatencyLeft': -1,
      'ForceDisableShadowInit': False,
      'GlobalReadPerMfma': 1.0,
      'GlobalReadVectorWidthA': -1,
      'GlobalReadVectorWidthB': -1,
      'GlobalSplitU': 1,
      'GlobalSplitUAlgorithm': 'MultipleBuffer',
      'GlobalSplitUCoalesced': False,
      'GlobalSplitUWorkGroupMappingRoundRobin': False,
      'GroupLoadStore': False,
      'HalfPLR': 0,
      'InitCIterWmma': -1,
      'InnerUnroll': 1,
      'InterleaveAlpha': 0,
      'KernelLanguage': 'Assembly',
      'LDSSegmentInterleave': 0,
      'LDSTrInst': False,
      'LdsBlockSizePerPadA': -1,
      'LdsBlockSizePerPadB': -1,
      'LdsBlockSizePerPadMXSA': -1,
      'LdsBlockSizePerPadMXSB': -1,
      'LdsBlockSizePerPadMetadata': -1,
      'LdsPadA': -1,
      'LdsPadB': -1,
      'LdsPadMXSA': -1,
      'LdsPadMXSB': -1,
      'LdsPadMetadata': -1,
      'LocalReadVectorWidth': -1,
      'LocalReadVectorWidthA': -1,
      'LocalReadVectorWidthB': -1,
      'LocalWritePerMfma': -1,
      'MIArchVgpr': False,
      'MXLoadInst': 'Auto',
      'MXScaleFormat': 'Auto',
      'MagicDivAlg': 2,
      'MatrixInstruction': list([
      ]),
      'MaxLDS': -1,
      'MaxOccupancy': 64,
      'MbskPrefetchMethod': -1,
      'MinGRIncPerMfma': -1,
      'NoReject': False,
      'NonTemporal': -1,
      'NonTemporalA': 0,
      'NonTemporalB': 0,
      'NonTemporalC': 0,
      'NonTemporalD': 0,
      'NonTemporalE': 0,
      'NonTemporalGate': 0,
      'NonTemporalMXSA': 0,
      'NonTemporalMXSB': 0,
      'NonTemporalMetadata': 0,
      'NonTemporalWS': 0,
      'NonVolatile': -1,
      'NonVolatileA': 0,
      'NonVolatileB': 0,
      'NonVolatileC': 0,
      'NonVolatileD': 0,
      'NonVolatileE': 0,
      'NonVolatileMXSA': 0,
      'NonVolatileMXSB': 0,
      'NonVolatileMetadata': 0,
      'NonVolatileWS': 0,
      'NumElementsPerBatchStore': 0,
      'NumLoadsCoalescedA': 1,
      'NumLoadsCoalescedB': 1,
      'OptNoLoadLoop': 1,
      'PrefetchAcrossPersistent': 0,
      'PrefetchGL2': 0,
      'PrefetchGlobalRead': 1,
      'PrefetchLocalRead': 1,
      'PreloadKernArgs': True,
      'ReuseAcrossPersistent': 0,
      'SFCWGM': list([
        list([
          1,
          1,
        ]),
        list([
          1,
          1,
        ]),
      ]),
      'ScheduleGROverBarrier': -1,
      'ScheduleGlobalRead': 1,
      'ScheduleIterAlg': 3,
      'ScheduleLocalWrite': 1,
      'SourceSwap': False,
      'SpaceFillingAlgo': list([
      ]),
      'StaggerU': 32,
      'StaggerUMapping': 0,
      'StaggerUStride': 256,
      'StorePriorityOpt': False,
      'StoreRemapVectorWidth': 0,
      'StoreSyncOpt': 0,
      'StoreVectorWidth': -1,
      'StreamK': 0,
      'StreamKAtomic': 0,
      'StreamKFixupTreeReduction': 0,
      'StreamKForceDPOnly': 0,
      'StreamKWorkStealing': 0,
      'StreamKXCCMapping': 0,
      'SuppressNoLoadLoop': False,
      'SwInstructionPrefetch': 1,
      'SwapGlobalReadOrder': 0,
      'TDMInst': 0,
      'TDMIterateMode': 0,
      'TDMLoadWaveSync': False,
      'TDMPlusLdsBuf': 0,
      'TDMSplit': False,
      'TailloopInNll': False,
      'TemporalHint': -1,
      'TemporalHintA': 0,
      'TemporalHintB': 0,
      'TemporalHintC': 0,
      'TemporalHintD': 0,
      'TemporalHintE': 0,
      'TemporalHintMXSA': 0,
      'TemporalHintMXSB': 0,
      'TemporalHintMetadata': 0,
      'TemporalHintWS': 0,
      'ThreadTile': list([
        4,
        4,
      ]),
      'TransposeLDS': -1,
      'TransposeLDSMetadata': -1,
      'UnrollLoopSwapGlobalReadOrder': 0,
      'Use64bShadowLimit': True,
      'Use64bShadowLimitMX': False,
      'UseCustomMainLoopSchedule': -1,
      'UseDualFMAC': False,
      'UseInstOffsetForGRO': 0,
      'UsePLRPack': 0,
      'UseSgprForGRO': -1,
      'UseSubtileImpl': False,
      'VectorStore': -1,
      'VectorWidthA': -1,
      'VectorWidthB': -1,
      'WaveSeparateGlobalReadA': 0,
      'WaveSeparateGlobalReadB': 0,
      'WaveSeparateGlobalReadMetadata': 0,
      'WaveSplitK': False,
      'WavefrontSize': -1,
      'WorkGroup': list([
        16,
        16,
        1,
      ]),
      'WorkGroupMapping': 8,
      'WorkGroupMappingXCC': 1,
      'WorkGroupMappingXCCGroup': -1,
      'WorkGroupReduction': False,
    }),
    'DeviceNames': list([
      'Device 0049',
    ]),
    'ExactLogic': list([
      list([
        list([
          1,
          1,
          1,
        ]),
        list([
          0,
          1.0,
        ]),
      ]),
    ]),
    'IndexOrder': list([
      0,
      1,
    ]),
    'Library': dict({
      'distance': '0.5',
      'indexOrder': list([
        0,
        1,
      ]),
      'table': list([
        list([
          list([
            1,
            1,
            1,
          ]),
          list([
            0,
            1.0,
          ]),
        ]),
      ]),
    }),
    'LibraryType': 'Matching',
    'MinimumRequiredVersion': '<VERSION>',
    'PerfMetric': 'perf-metric',
    'ProblemType': dict({
      'OperationType': 'GEMM',
    }),
    'RangeLogic': None,
    'ScheduleName': 'aquavanjaram',
    'Solutions': list([
      dict({
        'SolutionIndex': 0,
      }),
      dict({
        'SolutionIndex': 1,
      }),
    ]),
    'TileSelectionIndices': None,
  })
# ---
# name: test_parse_logic_list_no_perfmetric
  dict({
    'ArchitectureName': 'gfx942',
    'CUCount': None,
    'DefaultSolution': dict({
      '1LDSBuffer': 0,
      'ActivationAlt': False,
      'ActivationFuncCall': True,
      'ActivationFused': True,
      'AdaptiveGemm': 0,
      'AdaptiveGemmGSUA': 0,
      'AdaptiveGemmNTAB': 0,
      'AssertAIGreaterThanEqual': -1,
      'AssertAILessThanEqual': -1,
      'AssertFree0ElementMultiple': 1,
      'AssertFree1ElementMultiple': 1,
      'AssertSummationElementMultiple': 1,
      'BufferLoad': True,
      'BufferStore': True,
      'ClusterDim': list([
        1,
        1,
      ]),
      'ClusterLocalRead': 1,
      'CompactLoopStore': False,
      'ConvertAfterDS': False,
      'CustomKernelName': '',
      'DebugPersistentKernelLoopForever': False,
      'DebugStreamK': 0,
      'DepthU': -1,
      'DirectToLds': 0,
      'DirectToLdsMetadata': 1,
      'DirectToVgprA': False,
      'DirectToVgprB': False,
      'DirectToVgprMXSA': False,
      'DirectToVgprMXSB': False,
      'DirectToVgprSparseMetadata': False,
      'DtlPlusLdsBuf': -1,
      'ExpandPointerSwap': True,
      'ExtraLatencyForLR': 0,
      'ExtraMiLatencyLeft': -1,
      'ForceDisableShadowInit': False,
      'GlobalReadPerMfma': 1.0,
      'GlobalReadVectorWidthA': -1,
      'GlobalReadVectorWidthB': -1,
      'GlobalSplitU': 1,
      'GlobalSplitUAlgorithm': 'MultipleBuffer',
      'GlobalSplitUCoalesced': False,
      'GlobalSplitUWorkGroupMappingRoundRobin': False,
      'GroupLoadStore': False,
      'HalfPLR': 0,
      'InitCIterWmma': -1,
      'InnerUnroll': 1,
      'InterleaveAlpha': 0,
      'KernelLanguage': 'Assembly',
      'LDSSegmentInterleave': 0,
      'LDSTrInst': False,
      'LdsBlockSizePerPadA': -1,
      'LdsBlockSizePerPadB': -1,
      'LdsBlockSizePerPadMXSA': -1,
      'LdsBlockSizePerPadMXSB': -1,
      'LdsBlockSizePerPadMetadata': -1,
      'LdsPadA': -1,
      'LdsPadB': -1,
      'LdsPadMXSA': -1,
      'LdsPadMXSB': -1,
      'LdsPadMetadata': -1,
      'LocalReadVectorWidth': -1,
      'LocalReadVectorWidthA': -1,
      'LocalReadVectorWidthB': -1,
      'LocalWritePerMfma': -1,
      'MIArchVgpr': False,
      'MXLoadInst': 'Auto',
      'MXScaleFormat': 'Auto',
      'MagicDivAlg': 2,
      'MatrixInstruction': list([
      ]),
      'MaxLDS': -1,
      'MaxOccupancy': 64,
      'MbskPrefetchMethod': -1,
      'MinGRIncPerMfma': -1,
      'NoReject': False,
      'NonTemporal': -1,
      'NonTemporalA': 0,
      'NonTemporalB': 0,
      'NonTemporalC': 0,
      'NonTemporalD': 0,
      'NonTemporalE': 0,
      'NonTemporalGate': 0,
      'NonTemporalMXSA': 0,
      'NonTemporalMXSB': 0,
      'NonTemporalMetadata': 0,
      'NonTemporalWS': 0,
      'NonVolatile': -1,
      'NonVolatileA': 0,
      'NonVolatileB': 0,
      'NonVolatileC': 0,
      'NonVolatileD': 0,
      'NonVolatileE': 0,
      'NonVolatileMXSA': 0,
      'NonVolatileMXSB': 0,
      'NonVolatileMetadata': 0,
      'NonVolatileWS': 0,
      'NumElementsPerBatchStore': 0,
      'NumLoadsCoalescedA': 1,
      'NumLoadsCoalescedB': 1,
      'OptNoLoadLoop': 1,
      'PrefetchAcrossPersistent': 0,
      'PrefetchGL2': 0,
      'PrefetchGlobalRead': 1,
      'PrefetchLocalRead': 1,
      'PreloadKernArgs': True,
      'ReuseAcrossPersistent': 0,
      'SFCWGM': list([
        list([
          1,
          1,
        ]),
        list([
          1,
          1,
        ]),
      ]),
      'ScheduleGROverBarrier': -1,
      'ScheduleGlobalRead': 1,
      'ScheduleIterAlg': 3,
      'ScheduleLocalWrite': 1,
      'SourceSwap': False,
      'SpaceFillingAlgo': list([
      ]),
      'StaggerU': 32,
      'StaggerUMapping': 0,
      'StaggerUStride': 256,
      'StorePriorityOpt': False,
      'StoreRemapVectorWidth': 0,
      'StoreSyncOpt': 0,
      'StoreVectorWidth': -1,
      'StreamK': 0,
      'StreamKAtomic': 0,
      'StreamKFixupTreeReduction': 0,
      'StreamKForceDPOnly': 0,
      'StreamKWorkStealing': 0,
      'StreamKXCCMapping': 0,
      'SuppressNoLoadLoop': False,
      'SwInstructionPrefetch': 1,
      'SwapGlobalReadOrder': 0,
      'TDMInst': 0,
      'TDMIterateMode': 0,
      'TDMLoadWaveSync': False,
      'TDMPlusLdsBuf': 0,
      'TDMSplit': False,
      'TailloopInNll': False,
      'TemporalHint': -1,
      'TemporalHintA': 0,
      'TemporalHintB': 0,
      'TemporalHintC': 0,
      'TemporalHintD': 0,
      'TemporalHintE': 0,
      'TemporalHintMXSA': 0,
      'TemporalHintMXSB': 0,
      'TemporalHintMetadata': 0,
      'TemporalHintWS': 0,
      'ThreadTile': list([
        4,
        4,
      ]),
      'TransposeLDS': -1,
      'TransposeLDSMetadata': -1,
      'UnrollLoopSwapGlobalReadOrder': 0,
      'Use64bShadowLimit': True,
      'Use64bShadowLimitMX': False,
      'UseCustomMainLoopSchedule': -1,
      'UseDualFMAC': False,
      'UseInstOffsetForGRO': 0,
      'UsePLRPack': 0,
      'UseSgprForGRO': -1,
      'UseSubtileImpl': False,
      'VectorStore': -1,
      'VectorWidthA': -1,
      'VectorWidthB': -1,
      'WaveSeparateGlobalReadA': 0,
      'WaveSeparateGlobalReadB': 0,
      'WaveSeparateGlobalReadMetadata': 0,
      'WaveSplitK': False,
      'WavefrontSize': -1,
      'WorkGroup': list([
        16,
        16,
        1,
      ]),
      'WorkGroupMapping': 8,
      'WorkGroupMappingXCC': 1,
      'WorkGroupMappingXCCGroup': -1,
      'WorkGroupReduction': False,
    }),
    'DeviceNames': list([
      'Device 0049',
    ]),
    'ExactLogic': list([
      list([
        list([
          1,
          1,
          1,
        ]),
        list([
          0,
          1.0,
        ]),
      ]),
    ]),
    'IndexOrder': list([
      0,
      1,
    ]),
    'Library': dict({
      'distance': 'Matching',
      'indexOrder': list([
        0,
        1,
      ]),
      'table': list([
        list([
          list([
            1,
            1,
            1,
          ]),
          list([
            0,
            1.0,
          ]),
        ]),
      ]),
    }),
    'LibraryType': 'Matching',
    'MinimumRequiredVersion': '<VERSION>',
    'ProblemType': dict({
      'OperationType': 'GEMM',
    }),
    'RangeLogic': None,
    'ScheduleName': 'aquavanjaram',
    'Solutions': list([
      dict({
        'SolutionIndex': 0,
      }),
      dict({
        'SolutionIndex': 1,
      }),
    ]),
    'TileSelectionIndices': None,
  })
# ---
# name: test_parse_logic_list_prediction
  dict({
    'ArchitectureName': 'gfx942',
    'CUCount': None,
    'DefaultSolution': dict({
      '1LDSBuffer': 0,
      'ActivationAlt': False,
      'ActivationFuncCall': True,
      'ActivationFused': True,
      'AdaptiveGemm': 0,
      'AdaptiveGemmGSUA': 0,
      'AdaptiveGemmNTAB': 0,
      'AssertAIGreaterThanEqual': -1,
      'AssertAILessThanEqual': -1,
      'AssertFree0ElementMultiple': 1,
      'AssertFree1ElementMultiple': 1,
      'AssertSummationElementMultiple': 1,
      'BufferLoad': True,
      'BufferStore': True,
      'ClusterDim': list([
        1,
        1,
      ]),
      'ClusterLocalRead': 1,
      'CompactLoopStore': False,
      'ConvertAfterDS': False,
      'CustomKernelName': '',
      'DebugPersistentKernelLoopForever': False,
      'DebugStreamK': 0,
      'DepthU': -1,
      'DirectToLds': 0,
      'DirectToLdsMetadata': 1,
      'DirectToVgprA': False,
      'DirectToVgprB': False,
      'DirectToVgprMXSA': False,
      'DirectToVgprMXSB': False,
      'DirectToVgprSparseMetadata': False,
      'DtlPlusLdsBuf': -1,
      'ExpandPointerSwap': True,
      'ExtraLatencyForLR': 0,
      'ExtraMiLatencyLeft': -1,
      'ForceDisableShadowInit': False,
      'GlobalReadPerMfma': 1.0,
      'GlobalReadVectorWidthA': -1,
      'GlobalReadVectorWidthB': -1,
      'GlobalSplitU': 1,
      'GlobalSplitUAlgorithm': 'MultipleBuffer',
      'GlobalSplitUCoalesced': False,
      'GlobalSplitUWorkGroupMappingRoundRobin': False,
      'GroupLoadStore': False,
      'HalfPLR': 0,
      'InitCIterWmma': -1,
      'InnerUnroll': 1,
      'InterleaveAlpha': 0,
      'KernelLanguage': 'Assembly',
      'LDSSegmentInterleave': 0,
      'LDSTrInst': False,
      'LdsBlockSizePerPadA': -1,
      'LdsBlockSizePerPadB': -1,
      'LdsBlockSizePerPadMXSA': -1,
      'LdsBlockSizePerPadMXSB': -1,
      'LdsBlockSizePerPadMetadata': -1,
      'LdsPadA': -1,
      'LdsPadB': -1,
      'LdsPadMXSA': -1,
      'LdsPadMXSB': -1,
      'LdsPadMetadata': -1,
      'LocalReadVectorWidth': -1,
      'LocalReadVectorWidthA': -1,
      'LocalReadVectorWidthB': -1,
      'LocalWritePerMfma': -1,
      'MIArchVgpr': False,
      'MXLoadInst': 'Auto',
      'MXScaleFormat': 'Auto',
      'MagicDivAlg': 2,
      'MatrixInstruction': list([
      ]),
      'MaxLDS': -1,
      'MaxOccupancy': 64,
      'MbskPrefetchMethod': -1,
      'MinGRIncPerMfma': -1,
      'NoReject': False,
      'NonTemporal': -1,
      'NonTemporalA': 0,
      'NonTemporalB': 0,
      'NonTemporalC': 0,
      'NonTemporalD': 0,
      'NonTemporalE': 0,
      'NonTemporalGate': 0,
      'NonTemporalMXSA': 0,
      'NonTemporalMXSB': 0,
      'NonTemporalMetadata': 0,
      'NonTemporalWS': 0,
      'NonVolatile': -1,
      'NonVolatileA': 0,
      'NonVolatileB': 0,
      'NonVolatileC': 0,
      'NonVolatileD': 0,
      'NonVolatileE': 0,
      'NonVolatileMXSA': 0,
      'NonVolatileMXSB': 0,
      'NonVolatileMetadata': 0,
      'NonVolatileWS': 0,
      'NumElementsPerBatchStore': 0,
      'NumLoadsCoalescedA': 1,
      'NumLoadsCoalescedB': 1,
      'OptNoLoadLoop': 1,
      'PrefetchAcrossPersistent': 0,
      'PrefetchGL2': 0,
      'PrefetchGlobalRead': 1,
      'PrefetchLocalRead': 1,
      'PreloadKernArgs': True,
      'ReuseAcrossPersistent': 0,
      'SFCWGM': list([
        list([
          1,
          1,
        ]),
        list([
          1,
          1,
        ]),
      ]),
      'ScheduleGROverBarrier': -1,
      'ScheduleGlobalRead': 1,
      'ScheduleIterAlg': 3,
      'ScheduleLocalWrite': 1,
      'SourceSwap': False,
      'SpaceFillingAlgo': list([
      ]),
      'StaggerU': 32,
      'StaggerUMapping': 0,
      'StaggerUStride': 256,
      'StorePriorityOpt': False,
      'StoreRemapVectorWidth': 0,
      'StoreSyncOpt': 0,
      'StoreVectorWidth': -1,
      'StreamK': 0,
      'StreamKAtomic': 0,
      'StreamKFixupTreeReduction': 0,
      'StreamKForceDPOnly': 0,
      'StreamKWorkStealing': 0,
      'StreamKXCCMapping': 0,
      'SuppressNoLoadLoop': False,
      'SwInstructionPrefetch': 1,
      'SwapGlobalReadOrder': 0,
      'TDMInst': 0,
      'TDMIterateMode': 0,
      'TDMLoadWaveSync': False,
      'TDMPlusLdsBuf': 0,
      'TDMSplit': False,
      'TailloopInNll': False,
      'TemporalHint': -1,
      'TemporalHintA': 0,
      'TemporalHintB': 0,
      'TemporalHintC': 0,
      'TemporalHintD': 0,
      'TemporalHintE': 0,
      'TemporalHintMXSA': 0,
      'TemporalHintMXSB': 0,
      'TemporalHintMetadata': 0,
      'TemporalHintWS': 0,
      'ThreadTile': list([
        4,
        4,
      ]),
      'TransposeLDS': -1,
      'TransposeLDSMetadata': -1,
      'UnrollLoopSwapGlobalReadOrder': 0,
      'Use64bShadowLimit': True,
      'Use64bShadowLimitMX': False,
      'UseCustomMainLoopSchedule': -1,
      'UseDualFMAC': False,
      'UseInstOffsetForGRO': 0,
      'UsePLRPack': 0,
      'UseSgprForGRO': -1,
      'UseSubtileImpl': False,
      'VectorStore': -1,
      'VectorWidthA': -1,
      'VectorWidthB': -1,
      'WaveSeparateGlobalReadA': 0,
      'WaveSeparateGlobalReadB': 0,
      'WaveSeparateGlobalReadMetadata': 0,
      'WaveSplitK': False,
      'WavefrontSize': -1,
      'WorkGroup': list([
        16,
        16,
        1,
      ]),
      'WorkGroupMapping': 8,
      'WorkGroupMappingXCC': 1,
      'WorkGroupMappingXCCGroup': -1,
      'WorkGroupReduction': False,
    }),
    'DeviceNames': list([
      'Device 0049',
    ]),
    'ExactLogic': list([
      list([
        list([
          1,
          1,
          1,
        ]),
        list([
          0,
          1.0,
        ]),
      ]),
    ]),
    'IndexOrder': list([
      0,
      1,
    ]),
    'Library': dict({
      'distance': None,
      'indexOrder': None,
      'table': list([
        0,
        2,
      ]),
    }),
    'LibraryType': 'Prediction',
    'MinimumRequiredVersion': '<VERSION>',
    'PerfMetric': 'perf-metric',
    'ProblemType': dict({
      'OperationType': 'GEMM',
    }),
    'RangeLogic': None,
    'ScheduleName': 'aquavanjaram',
    'Solutions': list([
      dict({
        'SolutionIndex': 0,
      }),
      dict({
        'SolutionIndex': 1,
      }),
    ]),
    'TileSelectionIndices': None,
  })
# ---
# name: test_raw_library_logic_dict_format
  tuple(
    dict({
      'MinimumRequiredVersion': '<VERSION>',
    }),
    'sched',
    dict({
      'Architecture': 'gfx942',
      'CUCount': 228,
    }),
    list([
      'Device 0049',
    ]),
    dict({
      'OperationType': 'GEMM',
    }),
    list([
      dict({
        'SolutionIndex': 0,
      }),
    ]),
    list([
      0,
    ]),
    list([
      list([
        'k',
        'v',
      ]),
    ]),
    None,
    list([
      dict({
        'TileSelectionIndices': list([
          3,
          4,
        ]),
      }),
      'perf',
      'GridBased',
      dict({
        'KernelLanguage': 'Assembly',
      }),
    ]),
  )
# ---
# name: test_raw_library_logic_minimal
  tuple(
    '<VERSION>',
    'sched',
    'gfx942',
    list([
      'Device 0049',
    ]),
    dict({
      'OperationType': 'GEMM',
    }),
    list([
      dict({
        'SolutionIndex': 0,
      }),
    ]),
    list([
      0,
    ]),
    list([
      list([
        'k',
        'v',
      ]),
    ]),
    None,
    list([
    ]),
  )
# ---
# name: test_raw_library_logic_with_other_fields
  tuple(
    '<VERSION>',
    'sched',
    'gfx942',
    list([
      'Device 0049',
    ]),
    dict({
      'OperationType': 'GEMM',
    }),
    list([
      dict({
        'SolutionIndex': 0,
      }),
    ]),
    list([
      0,
    ]),
    list([
      list([
        'k',
        'v',
      ]),
    ]),
    None,
    list([
      'perf',
      'Matching',
      dict({
        'extra': 1,
      }),
    ]),
  )
# ---
